Component: ARM Compiler 5.06 update 5 (build 528) Tool: armlink [4d35e2]

==============================================================================

Section Cross References

    startup_stm32f407xx.o(STACK) refers (Special) to heapauxi.o(.text) for __use_two_region_memory
    startup_stm32f407xx.o(HEAP) refers (Special) to heapauxi.o(.text) for __use_two_region_memory
    startup_stm32f407xx.o(RESET) refers (Special) to heapauxi.o(.text) for __use_two_region_memory
    startup_stm32f407xx.o(RESET) refers to startup_stm32f407xx.o(STACK) for __initial_sp
    startup_stm32f407xx.o(RESET) refers to startup_stm32f407xx.o(.text) for Reset_Handler
    startup_stm32f407xx.o(RESET) refers to stm32f4xx_it.o(i.NMI_Handler) for NMI_Handler
    startup_stm32f407xx.o(RESET) refers to stm32f4xx_it.o(i.HardFault_Handler) for HardFault_Handler
    startup_stm32f407xx.o(RESET) refers to stm32f4xx_it.o(i.MemManage_Handler) for MemManage_Handler
    startup_stm32f407xx.o(RESET) refers to stm32f4xx_it.o(i.BusFault_Handler) for BusFault_Handler
    startup_stm32f407xx.o(RESET) refers to stm32f4xx_it.o(i.UsageFault_Handler) for UsageFault_Handler
    startup_stm32f407xx.o(RESET) refers to stm32f4xx_it.o(i.SVC_Handler) for SVC_Handler
    startup_stm32f407xx.o(RESET) refers to stm32f4xx_it.o(i.DebugMon_Handler) for DebugMon_Handler
    startup_stm32f407xx.o(RESET) refers to stm32f4xx_it.o(i.PendSV_Handler) for PendSV_Handler
    startup_stm32f407xx.o(RESET) refers to stm32f4xx_it.o(i.SysTick_Handler) for SysTick_Handler
    startup_stm32f407xx.o(RESET) refers to stm32f4xx_it.o(i.DMA1_Stream5_IRQHandler) for DMA1_Stream5_IRQHandler
    startup_stm32f407xx.o(RESET) refers to stm32f4xx_it.o(i.DMA1_Stream6_IRQHandler) for DMA1_Stream6_IRQHandler
    startup_stm32f407xx.o(RESET) refers to stm32f4xx_it.o(i.USART2_IRQHandler) for USART2_IRQHandler
    startup_stm32f407xx.o(RESET) refers to stm32f4xx_it.o(i.USART3_IRQHandler) for USART3_IRQHandler
    startup_stm32f407xx.o(.text) refers (Special) to heapauxi.o(.text) for __use_two_region_memory
    startup_stm32f407xx.o(.text) refers to system_stm32f4xx.o(i.SystemInit) for SystemInit
    startup_stm32f407xx.o(.text) refers to __main.o(!!!main) for __main
    startup_stm32f407xx.o(.text) refers to startup_stm32f407xx.o(HEAP) for Heap_Mem
    startup_stm32f407xx.o(.text) refers to startup_stm32f407xx.o(STACK) for Stack_Mem
    rmd_l_rs485.o(i.DecodeData) refers to dflt_clz.o(x$fpl$dfltu) for __aeabi_ui2d
    rmd_l_rs485.o(i.DecodeData) refers to dmul.o(x$fpl$dmul) for __aeabi_dmul
    rmd_l_rs485.o(i.DecodeData) refers to d2f.o(x$fpl$d2f) for __aeabi_d2f
    rmd_l_rs485.o(i.DecodeData) refers to dflt_clz.o(x$fpl$dflt) for __aeabi_i2d
    rmd_l_rs485.o(i.DecodeData) refers to main.o(i.printData) for printData
    rmd_l_rs485.o(i.RS_ABSangleControl) refers to rmd_l_rs485.o(i.sendCMD) for sendCMD
    rmd_l_rs485.o(i.RS_ABSangleControl) refers to rmd_l_rs485.o(i.ReceiveData) for ReceiveData
    rmd_l_rs485.o(i.RS_AddangleControl) refers to rmd_l_rs485.o(i.sendCMD) for sendCMD
    rmd_l_rs485.o(i.RS_AddangleControl) refers to rmd_l_rs485.o(i.ReceiveData) for ReceiveData
    rmd_l_rs485.o(i.RS_Brake_Lock) refers to rmd_l_rs485.o(i.sendCMD) for sendCMD
    rmd_l_rs485.o(i.RS_Brake_Release) refers to rmd_l_rs485.o(i.sendCMD) for sendCMD
    rmd_l_rs485.o(i.RS_CloseBLDC) refers to rmd_l_rs485.o(i.sendCMD) for sendCMD
    rmd_l_rs485.o(i.RS_Function) refers to rmd_l_rs485.o(i.sendCMD) for sendCMD
    rmd_l_rs485.o(i.RS_Function) refers to rmd_l_rs485.o(i.ReceiveData) for ReceiveData
    rmd_l_rs485.o(i.RS_GET_MotorPower) refers to rmd_l_rs485.o(i.sendCMD) for sendCMD
    rmd_l_rs485.o(i.RS_GET_MotorPower) refers to rmd_l_rs485.o(i.ReceiveData) for ReceiveData
    rmd_l_rs485.o(i.RS_GET_MotorType) refers to rmd_l_rs485.o(i.sendCMD) for sendCMD
    rmd_l_rs485.o(i.RS_GET_MotorType) refers to rmd_l_rs485.o(i.ReceiveData) for ReceiveData
    rmd_l_rs485.o(i.RS_GET_SystemRunMode) refers to rmd_l_rs485.o(i.sendCMD) for sendCMD
    rmd_l_rs485.o(i.RS_GET_SystemRunMode) refers to rmd_l_rs485.o(i.ReceiveData) for ReceiveData
    rmd_l_rs485.o(i.RS_GET_SystemRunTime) refers to rmd_l_rs485.o(i.sendCMD) for sendCMD
    rmd_l_rs485.o(i.RS_GET_SystemRunTime) refers to rmd_l_rs485.o(i.ReceiveData) for ReceiveData
    rmd_l_rs485.o(i.RS_GET_SystemVersion) refers to rmd_l_rs485.o(i.sendCMD) for sendCMD
    rmd_l_rs485.o(i.RS_GET_SystemVersion) refers to rmd_l_rs485.o(i.ReceiveData) for ReceiveData
    rmd_l_rs485.o(i.RS_Init_Handle) refers to stm32f4xx_hal_tim.o(i.HAL_TIM_Base_Start) for HAL_TIM_Base_Start
    rmd_l_rs485.o(i.RS_Init_Handle) refers to rmd_l_rs485.o(.data) for .data
    rmd_l_rs485.o(i.RS_MultiMotorControl) refers to rmd_l_rs485.o(i.sendCMD) for sendCMD
    rmd_l_rs485.o(i.RS_MultiMotorControl) refers to rmd_l_rs485.o(i.ReceiveMultiData) for ReceiveMultiData
    rmd_l_rs485.o(i.RS_ReadState1) refers to rmd_l_rs485.o(i.sendCMD) for sendCMD
[...]
    lc_hextab                                0x08005b28   Data          19  _printf_fp_hex.o(.constdata)
    uc_hextab                                0x08005b3b   Data          19  _printf_fp_hex.o(.constdata)
    .constdata                               0x08005b50   Section      148  bigflt0.o(.constdata)
    tenpwrs_x                                0x08005b50   Data          60  bigflt0.o(.constdata)
    tenpwrs_i                                0x08005b8c   Data          64  bigflt0.o(.constdata)
    locale$$data                             0x08005c04   Section       28  lc_numeric_c.o(locale$$data)
    __lcnum_c_name                           0x08005c08   Data           2  lc_numeric_c.o(locale$$data)
    __lcnum_c_start                          0x08005c10   Data           0  lc_numeric_c.o(locale$$data)
    __lcnum_c_point                          0x08005c1c   Data           0  lc_numeric_c.o(locale$$data)
    __lcnum_c_thousands                      0x08005c1e   Data           0  lc_numeric_c.o(locale$$data)
    __lcnum_c_grouping                       0x08005c1f   Data           0  lc_numeric_c.o(locale$$data)
    locale$$data                             0x08005c20   Section      272  lc_ctype_c.o(locale$$data)
    __lcnum_c_end                            0x08005c20   Data           0  lc_numeric_c.o(locale$$data)
    __lcctype_c_name                         0x08005c24   Data           2  lc_ctype_c.o(locale$$data)
    __lcctype_c_start                        0x08005c2c   Data           0  lc_ctype_c.o(locale$$data)
    __lcctype_c_end                          0x08005d30   Data           0  lc_ctype_c.o(locale$$data)
    .data                                    0x20000000   Section       16  rmd_l_rs485.o(.data)
    .data                                    0x20000010   Section      172  main.o(.data)
    .data                                    0x200000bc   Section       12  stm32f4xx_hal.o(.data)
    .data                                    0x200000c8   Section        4  system_stm32f4xx.o(.data)
    .bss                                     0x200000cc   Section      208  main.o(.bss)
    .bss                                     0x2000019c   Section       96  main.o(.bss)
    .bss                                     0x200001fc   Section       96  main.o(.bss)
    .bss                                     0x2000025c   Section       96  libspace.o(.bss)
    HEAP                                     0x200002c0   Section      512  startup_stm32f407xx.o(HEAP)
    Heap_Mem                                 0x200002c0   Data         512  startup_stm32f407xx.o(HEAP)
    STACK                                    0x200004c0   Section     1024  startup_stm32f407xx.o(STACK)
    Stack_Mem                                0x200004c0   Data        1024  startup_stm32f407xx.o(STACK)
    __initial_sp                             0x200008c0   Data           0  startup_stm32f407xx.o(STACK)

    Global Symbols

    Symbol Name                              Value     Ov Type        Size  Object(Section)

    BuildAttributes$$THM_ISAv4$E$P$D$K$B$S$7EM$VFPi3$EXTD16$VFPS$VFMA$PE$A:L22UL41UL21$X:L11$S22US41US21$IEEE1$IW$USESV6$~STKCKD$USESV7$~SHL$OTIME$ROPI$IEEEX$EBA8$UX$STANDARDLIB$REQ8$PRES8$EABIv2 0x00000000   Number         0  anon$$obj.o ABSOLUTE
    __ARM_use_no_argv                        0x00000000   Number         0  main.o ABSOLUTE
    _printf_flags                            0x00000000   Number         0  printf_stubs.o ABSOLUTE
    _printf_return_value                     0x00000000   Number         0  printf_stubs.o ABSOLUTE
    _printf_sizespec                         0x00000000   Number         0  printf_stubs.o ABSOLUTE
    _printf_widthprec                        0x00000000   Number         0  printf_stubs.o ABSOLUTE
    __ARM_exceptions_init                     - Undefined Weak Reference
    __alloca_initialize                       - Undefined Weak Reference
    __arm_preinit_                            - Undefined Weak Reference
    __cpp_initialize__aeabi_                  - Undefined Weak Reference
    __cxa_finalize                            - Undefined Weak Reference
    __sigvec_lookup                           - Undefined Weak Reference
    __user_heap_extent                        - Undefined Weak Reference
    _atexit_init                              - Undefined Weak Reference
    _call_atexit_fns                          - Undefined Weak Reference
    _clock_init                               - Undefined Weak Reference
    _fp_trap_init                             - Undefined Weak Reference
    _fp_trap_shutdown                         - Undefined Weak Reference
    _get_lc_collate                           - Undefined Weak Reference
    _get_lc_monetary                          - Undefined Weak Reference
    _get_lc_time                              - Undefined Weak Reference
    _getenv_init                              - Undefined Weak Reference
    _handle_redirection                       - Undefined Weak Reference
    _initio                                   - Undefined Weak Reference
    _mutex_acquire                            - Undefined Weak Reference
    _mutex_free                               - Undefined Weak Reference
    _mutex_release                            - Undefined Weak Reference
    _printf_mbtowc                            - Undefined Weak Reference
    _printf_wc                                - Undefined Weak Reference
    _rand_init                                - Undefined Weak Reference
    _signal_finish                            - Undefined Weak Reference
    _signal_init                              - Undefined Weak Reference
    _terminateio                              - Undefined Weak Reference
    __Vectors_Size                           0x00000188   Number         0  startup_stm32f407xx.o ABSOLUTE
    __Vectors                                0x08000000   Data           4  startup_stm32f407xx.o(RESET)
    __Vectors_End                            0x08000188   Data           0  startup_stm32f407xx.o(RESET)
    __main                                   0x08000189   Thumb Code     8  __main.o(!!!main)
    __scatterload                            0x08000191   Thumb Code     0  __scatter.o(!!!scatter)
    __scatterload_rt2                        0x08000191   Thumb Code    44  __scatter.o(!!!scatter)
    __scatterload_rt2_thumb_only             0x08000191   Thumb Code     0  __scatter.o(!!!scatter)
    __scatterload_null                       0x0800019f   Thumb Code     0  __scatter.o(!!!scatter)
    __scatterload_copy                       0x080001c5   Thumb Code    26  __scatter_copy.o(!!handler_copy)
    __scatterload_zeroinit                   0x080001e1   Thumb Code    28  __scatter_zi.o(!!handler_zi)
    _printf_n                                0x080001fd   Thumb Code     0  _printf_n.o(.ARM.Collect$$_printf_percent$$00000001)
    _printf_percent                          0x080001fd   Thumb Code     0  _printf_percent.o(.ARM.Collect$$_printf_percent$$00000000)
    _printf_p                                0x08000203   Thumb Code     0  _printf_p.o(.ARM.Collect$$_printf_percent$$00000002)
    _printf_f                                0x08000209   Thumb Code     0  _printf_f.o(.ARM.Collect$$_printf_percent$$00000003)
    _printf_e                                0x0800020f   Thumb Code     0  _printf_e.o(.ARM.Collect$$_printf_percent$$00000004)
    _printf_g                                0x08000215   Thumb Code     0  _printf_g.o(.ARM.Collect$$_printf_percent$$00000005)
    _printf_a                                0x0800021b   Thumb Code     0  _printf_a.o(.ARM.Collect$$_printf_percent$$00000006)
    _printf_ll                               0x08000221   Thumb Code     0  _printf_ll.o(.ARM.Collect$$_printf_percent$$00000007)
    _printf_i                                0x0800022b   Thumb Code     0  _printf_i.o(.ARM.Collect$$_printf_percent$$00000008)
    _printf_d                                0x08000231   Thumb Code     0  _printf_d.o(.ARM.Collect$$_printf_percent$$00000009)
    _printf_u                                0x08000237   Thumb Code     0  _printf_u.o(.ARM.Collect$$_printf_percent$$0000000A)
    _printf_o                                0x0800023d   Thumb Code     0  _printf_o.o(.ARM.Collect$$_printf_percent$$0000000B)
    _printf_x                                0x08000243   Thumb Code     0  _printf_x.o(.ARM.Collect$$_printf_percent$$0000000C)
    _printf_lli                              0x08000249   Thumb Code     0  _printf_lli.o(.ARM.Collect$$_printf_percent$$0000000D)
    _printf_lld                              0x0800024f   Thumb Code     0  _printf_lld.o(.ARM.Collect$$_printf_percent$$0000000E)
    _printf_llu                              0x08000255   Thumb Code     0  _printf_llu.o(.ARM.Collect$$_printf_percent$$0000000F)
    _printf_llo                              0x0800025b   Thumb Code     0  _printf_llo.o(.ARM.Collect$$_printf_percent$$00000010)
    _printf_llx                              0x08000261   Thumb Code     0  _printf_llx.o(.ARM.Collect$$_printf_percent$$00000011)
    _printf_l                                0x08000267   Thumb Code     0  _printf_l.o(.ARM.Collect$$_printf_percent$$00000012)
    _printf_c                                0x08000271   Thumb Code     0  _printf_c.o(.ARM.Collect$$_printf_percent$$00000013)
    _printf_s                                0x08000277   Thumb Code     0  _printf_s.o(.ARM.Collect$$_printf_percent$$00000014)
    _printf_lc                               0x0800027d   Thumb Code     0  _printf_lc.o(.ARM.Collect$$_printf_percent$$00000015)
    _printf_ls                               0x08000283   Thumb Code     0  _printf_ls.o(.ARM.Collect$$_printf_percent$$00000016)
    _printf_percent_end                      0x08000289   Thumb Code     0  _printf_percent_end.o(.ARM.Collect$$_printf_percent$$00000017)
    __rt_lib_init                            0x0800028d   Thumb Code     0  libinit.o(.ARM.Collect$$libinit$$00000000)
    __rt_lib_init_fp_1                       0x0800028f   Thumb Code     0  libinit2.o(.ARM.Collect$$libinit$$00000001)
    __rt_lib_init_heap_2                     0x08000293   Thumb Code     0  libinit2.o(.ARM.Collect$$libinit$$00000005)
    __rt_lib_init_preinit_1                  0x08000293   Thumb Code     0  libinit2.o(.ARM.Collect$$libinit$$00000004)
    __rt_lib_init_heap_1                     0x0800029b   Thumb Code     0  libinit2.o(.ARM.Collect$$libinit$$0000000A)
    __rt_lib_init_lc_common                  0x0800029b   Thumb Code     0  libinit2.o(.ARM.Collect$$libinit$$0000000F)
    __rt_lib_init_rand_1                     0x0800029b   Thumb Code     0  libinit2.o(.ARM.Collect$$libinit$$0000000E)
    __rt_lib_init_user_alloc_1               0x0800029b   Thumb Code     0  libinit2.o(.ARM.Collect$$libinit$$0000000C)
    __rt_lib_init_lc_collate_1               0x080002a1   Thumb Code     0  libinit2.o(.ARM.Collect$$libinit$$00000011)
    __rt_lib_init_lc_ctype_2                 0x080002a1   Thumb Code     0  libinit2.o(.ARM.Collect$$libinit$$00000012)
    __rt_lib_init_lc_ctype_1                 0x080002ad   Thumb Code     0  libinit2.o(.ARM.Collect$$libinit$$00000013)
    __rt_lib_init_lc_monetary_1              0x080002ad   Thumb Code     0  libinit2.o(.ARM.Collect$$libinit$$00000015)
    __rt_lib_init_lc_numeric_2               0x080002ad   Thumb Code     0  libinit2.o(.ARM.Collect$$libinit$$00000016)
    __rt_lib_init_alloca_1                   0x080002b7   Thumb Code     0  libinit2.o(.ARM.Collect$$libinit$$0000002E)
    __rt_lib_init_argv_1                     0x080002b7   Thumb Code     0  libinit2.o(.ARM.Collect$$libinit$$0000002C)
    __rt_lib_init_atexit_1                   0x080002b7   Thumb Code     0  libinit2.o(.ARM.Collect$$libinit$$0000001B)
    __rt_lib_init_clock_1                    0x080002b7   Thumb Code     0  libinit2.o(.ARM.Collect$$libinit$$00000021)
    __rt_lib_init_cpp_1                      0x080002b7   Thumb Code     0  libinit2.o(.ARM.Collect$$libinit$$00000032)
    __rt_lib_init_exceptions_1               0x080002b7   Thumb Code     0  libinit2.o(.ARM.Collect$$libinit$$00000030)
    __rt_lib_init_fp_trap_1                  0x080002b7   Thumb Code     0  libinit2.o(.ARM.Collect$$libinit$$0000001F)
    __rt_lib_init_getenv_1                   0x080002b7   Thumb Code     0  libinit2.o(.ARM.Collect$$libinit$$00000023)
    __rt_lib_init_lc_numeric_1               0x080002b7   Thumb Code     0  libinit2.o(.ARM.Collect$$libinit$$00000017)
    __rt_lib_init_lc_time_1                  0x080002b7   Thumb Code     0  libinit2.o(.ARM.Collect$$libinit$$00000019)
    __rt_lib_init_return                     0x080002b7   Thumb Code     0  libinit2.o(.ARM.Collect$$libinit$$00000033)
    __rt_lib_init_signal_1                   0x080002b7   Thumb Code     0  libinit2.o(.ARM.Collect$$libinit$$0000001D)
    __rt_lib_init_stdio_1                    0x080002b7   Thumb Code     0  libinit2.o(.ARM.Collect$$libinit$$00000025)
    __rt_lib_shutdown                        0x080002b9   Thumb Code     0  libshutdown.o(.ARM.Collect$$libshutdown$$00000000)
    __rt_lib_shutdown_cpp_1                  0x080002bb   Thumb Code     0  libshutdown2.o(.ARM.Collect$$libshutdown$$00000002)
    __rt_lib_shutdown_fp_trap_1              0x080002bb   Thumb Code     0  libshutdown2.o(.ARM.Collect$$libshutdown$$00000007)
    __rt_lib_shutdown_heap_1                 0x080002bb   Thumb Code     0  libshutdown2.o(.ARM.Collect$$libshutdown$$0000000F)
    __rt_lib_shutdown_return                 0x080002bb   Thumb Code     0  libshutdown2.o(.ARM.Collect$$libshutdown$$00000010)
    __rt_lib_shutdown_signal_1               0x080002bb   Thumb Code     0  libshutdown2.o(.ARM.Collect$$libshutdown$$0000000A)
    __rt_lib_shutdown_stdio_1                0x080002bb   Thumb Code     0  libshutdown2.o(.ARM.Collect$$libshutdown$$00000004)
    __rt_lib_shutdown_user_alloc_1           0x080002bb   Thumb Code     0  libshutdown2.o(.ARM.Collect$$libshutdown$$0000000C)
    __rt_entry                               0x080002bd   Thumb Code     0  __rtentry.o(.ARM.Collect$$rtentry$$00000000)
    __rt_entry_presh_1                       0x080002bd   Thumb Code     0  __rtentry2.o(.ARM.Collect$$rtentry$$00000002)
    __rt_entry_sh                            0x080002bd   Thumb Code     0  __rtentry4.o(.ARM.Collect$$rtentry$$00000004)
    __rt_entry_li                            0x080002c3   Thumb Code     0  __rtentry2.o(.ARM.Collect$$rtentry$$0000000A)
    __rt_entry_postsh_1                      0x080002c3   Thumb Code     0  __rtentry2.o(.ARM.Collect$$rtentry$$00000009)
    __rt_entry_main                          0x080002c7   Thumb Code     0  __rtentry2.o(.ARM.Collect$$rtentry$$0000000D)
    __rt_entry_postli_1                      0x080002c7   Thumb Code     0  __rtentry2.o(.ARM.Collect$$rtentry$$0000000C)
    __rt_exit                                0x080002cf   Thumb Code     0  rtexit.o(.ARM.Collect$$rtexit$$00000000)
    __rt_exit_ls                             0x080002d1   Thumb Code     0  rtexit2.o(.ARM.Collect$$rtexit$$00000003)
    __rt_exit_prels_1                        0x080002d1   Thumb Code     0  rtexit2.o(.ARM.Collect$$rtexit$$00000002)
    __rt_exit_exit                           0x080002d5   Thumb Code     0  rtexit2.o(.ARM.Collect$$rtexit$$00000004)
    Reset_Handler                            0x080002dd   Thumb Code     8  startup_stm32f407xx.o(.text)
    _maybe_terminate_alloc                   0x080002dd   Thumb Code     0  maybetermalloc1.o(.emb_text)
    ADC_IRQHandler                           0x080002f7   Thumb Code     0  startup_stm32f407xx.o(.text)
    CAN1_RX0_IRQHandler                      0x080002f7   Thumb Code     0  startup_stm32f407xx.o(.text)
    CAN1_RX1_IRQHandler                      0x080002f7   Thumb Code     0  startup_stm32f407xx.o(.text)
    CAN1_SCE_IRQHandler                      0x080002f7   Thumb Code     0  startup_stm32f407xx.o(.text)
    CAN1_TX_IRQHandler                       0x080002f7   Thumb Code     0  startup_stm32f407xx.o(.text)
    CAN2_RX0_IRQHandler                      0x080002f7   Thumb Code     0  startup_stm32f407xx.o(.text)
    CAN2_RX1_IRQHandler                      0x080002f7   Thumb Code     0  startup_stm32f407xx.o(.text)
    CAN2_SCE_IRQHandler                      0x080002f7   Thumb Code     0  startup_stm32f407xx.o(.text)
    CAN2_TX_IRQHandler                       0x080002f7   Thumb Code     0  startup_stm32f407xx.o(.text)
    DCMI_IRQHandler                          0x080002f7   Thumb Code     0  startup_stm32f407xx.o(.text)
    DMA1_Stream0_IRQHandler                  0x080002f7   Thumb Code     0  startup_stm32f407xx.o(.text)
    DMA1_Stream1_IRQHandler                  0x080002f7   Thumb Code     0  startup_stm32f407xx.o(.text)
    DMA1_Stream2_IRQHandler                  0x080002f7   Thumb Code     0  startup_stm32f407xx.o(.text)
    DMA1_Stream3_IRQHandler                  0x080002f7   Thumb Code     0  startup_stm32f407xx.o(.text)
    DMA1_Stream4_IRQHandler                  0x080002f7   Thumb Code     0  startup_stm32f407xx.o(.text)
    DMA1_Stream7_IRQHandler                  0x080002f7   Thumb Code     0  startup_stm32f407xx.o(.text)
    DMA2_Stream0_IRQHandler                  0x080002f7   Thumb Code     0  startup_stm32f407xx.o(.text)
    DMA2_Stream1_IRQHandler                  0x080002f7   Thumb Code     0  startup_stm32f407xx.o(.text)
    DMA2_Stream2_IRQHandler                  0x080002f7   Thumb Code     0  startup_stm32f407xx.o(.text)
    DMA2_Stream3_IRQHandler                  0x080002f7   Thumb Code     0  startup_stm32f407xx.o(.text)
    DMA2_Stream4_IRQHandler                  0x080002f7   Thumb Code     0  startup_stm32f407xx.o(.text)
    DMA2_Stream5_IRQHandler                  0x080002f7   Thumb Code     0  startup_stm32f407xx.o(.text)
    DMA2_Stream6_IRQHandler                  0x080002f7   Thumb Code     0  startup_stm32f407xx.o(.text)
    DMA2_Stream7_IRQHandler                  0x080002f7   Thumb Code     0  startup_stm32f407xx.o(.text)
    ETH_IRQHandler                           0x080002f7   Thumb Code     0  startup_stm32f407xx.o(.text)
    ETH_WKUP_IRQHandler                      0x080002f7   Thumb Code     0  startup_stm32f407xx.o(.text)
    EXTI0_IRQHandler                         0x080002f7   Thumb Code     0  startup_stm32f407xx.o(.text)
    EXTI15_10_IRQHandler                     0x080002f7   Thumb Code     0  startup_stm32f407xx.o(.text)
    EXTI1_IRQHandler                         0x080002f7   Thumb Code     0  startup_stm32f407xx.o(.text)
    EXTI2_IRQHandler                         0x080002f7   Thumb Code     0  startup_stm32f407xx.o(.text)
    EXTI3_IRQHandler                         0x080002f7   Thumb Code     0  startup_stm32f407xx.o(.text)
    EXTI4_IRQHandler                         0x080002f7   Thumb Code     0  startup_stm32f407xx.o(.text)
    EXTI9_5_IRQHandler                       0x080002f7   Thumb Code     0  startup_stm32f407xx.o(.text)
    FLASH_IRQHandler                         0x080002f7   Thumb Code     0  startup_stm32f407xx.o(.text)
    FMC_IRQHandler                           0x080002f7   Thumb Code     0  startup_stm32f407xx.o(.text)
    FPU_IRQHandler                           0x080002f7   Thumb Code     0  startup_stm32f407xx.o(.text)
    HASH_RNG_IRQHandler                      0x080002f7   Thumb Code     0  startup_stm32f407xx.o(.text)
    I2C1_ER_IRQHandler                       0x080002f7   Thumb Code     0  startup_stm32f407xx.o(.text)
    I2C1_EV_IRQHandler                       0x080002f7   Thumb Code     0  startup_stm32f407xx.o(.text)
    I2C2_ER_IRQHandler                       0x080002f7   Thumb Code     0  startup_stm32f407xx.o(.text)
    I2C2_EV_IRQHandler                       0x080002f7   Thumb Code     0  startup_stm32f407xx.o(.text)
    I2C3_ER_IRQHandler                       0x080002f7   Thumb Code     0  startup_stm32f407xx.o(.text)
    I2C3_EV_IRQHandler                       0x080002f7   Thumb Code     0  startup_stm32f407xx.o(.text)
    OTG_FS_IRQHandler                        0x080002f7   Thumb Code     0  startup_stm32f407xx.o(.text)
    OTG_FS_WKUP_IRQHandler                   0x080002f7   Thumb Code     0  startup_stm32f407xx.o(.text)
    OTG_HS_EP1_IN_IRQHandler                 0x080002f7   Thumb Code     0  startup_stm32f407xx.o(.text)
    OTG_HS_EP1_OUT_IRQHandler                0x080002f7   Thumb Code     0  startup_stm32f407xx.o(.text)
    OTG_HS_IRQHandler                        0x080002f7   Thumb Code     0  startup_stm32f407xx.o(.text)
    OTG_HS_WKUP_IRQHandler                   0x080002f7   Thumb Code     0  startup_stm32f407xx.o(.text)
    PVD_IRQHandler                           0x080002f7   Thumb Code     0  startup_stm32f407xx.o(.text)
    RCC_IRQHandler                           0x080002f7   Thumb Code     0  startup_stm32f407xx.o(.text)
    RTC_Alarm_IRQHandler                     0x080002f7   Thumb Code     0  startup_stm32f407xx.o(.text)
    RTC_WKUP_IRQHandler                      0x080002f7   Thumb Code     0  startup_stm32f407xx.o(.text)
    SDIO_IRQHandler                          0x080002f7   Thumb Code     0  startup_stm32f407xx.o(.text)
    SPI1_IRQHandler                          0x080002f7   Thumb Code     0  startup_stm32f407xx.o(.text)
    SPI2_IRQHandler                          0x080002f7   Thumb Code     0  startup_stm32f407xx.o(.text)
    SPI3_IRQHandler                          0x080002f7   Thumb Code     0  startup_stm32f407xx.o(.text)
    TAMP_STAMP_IRQHandler                    0x080002f7   Thumb Code     0  startup_stm32f407xx.o(.text)
    TIM1_BRK_TIM9_IRQHandler                 0x080002f7   Thumb Code     0  startup_stm32f407xx.o(.text)
    TIM1_CC_IRQHandler                       0x080002f7   Thumb Code     0  startup_stm32f407xx.o(.text)
    TIM1_TRG_COM_TIM11_IRQHandler            0x080002f7   Thumb Code     0  startup_stm32f407xx.o(.text)
    TIM1_UP_TIM10_IRQHandler                 0x080002f7   Thumb Code     0  startup_stm32f407xx.o(.text)
    TIM2_IRQHandler                          0x080002f7   Thumb Code     0  startup_stm32f407xx.o(.text)
    TIM3_IRQHandler                          0x080002f7   Thumb Code     0  startup_stm32f407xx.o(.text)
    TIM4_IRQHandler                          0x080002f7   Thumb Code     0  startup_stm32f407xx.o(.text)
    TIM5_IRQHandler                          0x080002f7   Thumb Code     0  startup_stm32f407xx.o(.text)
    TIM6_DAC_IRQHandler                      0x080002f7   Thumb Code     0  startup_stm32f407xx.o(.text)
    TIM7_IRQHandler                          0x080002f7   Thumb Code     0  startup_stm32f407xx.o(.text)
    TIM8_BRK_TIM12_IRQHandler                0x080002f7   Thumb Code     0  startup_stm32f407xx.o(.text)
    TIM8_CC_IRQHandler                       0x080002f7   Thumb Code     0  startup_stm32f407xx.o(.text)
    TIM8_TRG_COM_TIM14_IRQHandler            0x080002f7   Thumb Code     0  startup_stm32f407xx.o(.text)
    TIM8_UP_TIM13_IRQHandler                 0x080002f7   Thumb Code     0  startup_stm32f407xx.o(.text)
    UART4_IRQHandler                         0x080002f7   Thumb Code     0  startup_stm32f407xx.o(.text)
    UART5_IRQHandler                         0x080002f7   Thumb Code     0  startup_stm32f407xx.o(.text)
    USART1_IRQHandler                        0x080002f7   Thumb Code     0  startup_stm32f407xx.o(.text)
    USART6_IRQHandler                        0x080002f7   Thumb Code     0  startup_stm32f407xx.o(.text)
    WWDG_IRQHandler                          0x080002f7   Thumb Code     0  startup_stm32f407xx.o(.text)
    __user_initial_stackheap                 0x080002f9   Thumb Code     0  startup_stm32f407xx.o(.text)
    malloc                                   0x0800031d   Thumb Code    94  h1_alloc.o(.text)
    free                                     0x0800037b   Thumb Code    78  h1_free.o(.text)
    __aeabi_uldivmod                         0x080003c9   Thumb Code     0  lludivv7m.o(.text)
    _ll_udiv                                 0x080003c9   Thumb Code   238  lludivv7m.o(.text)
    vsprintf                                 0x080004b9   Thumb Code    32  vsprintf.o(.text)
    strlen                                   0x080004dd   Thumb Code    62  strlen.o(.text)
    __aeabi_memclr4                          0x0800051b   Thumb Code     0  rt_memclr_w.o(.text)
    __aeabi_memclr8                          0x0800051b   Thumb Code     0  rt_memclr_w.o(.text)
    __rt_memclr_w                            0x0800051b   Thumb Code    78  rt_memclr_w.o(.text)
    _memset_w                                0x0800051f   Thumb Code     0  rt_memclr_w.o(.text)
    __use_two_region_memory                  0x08000569   Thumb Code     2  heapauxi.o(.text)
    __rt_heap_escrow                         0x0800056b   Thumb Code     2  heapauxi.o(.text)
    __rt_heap_expand                         0x0800056d   Thumb Code     2  heapauxi.o(.text)
    __rt_heap_descriptor                     0x08000571   Thumb Code     8  rt_heap_descriptor_intlibspace.o(.text)
    __use_no_heap                            0x08000579   Thumb Code     2  hguard.o(.text)
    __heap$guard                             0x0800057b   Thumb Code     2  hguard.o(.text)
    _terminate_user_alloc                    0x0800057d   Thumb Code     2  init_alloc.o(.text)
    _init_user_alloc                         0x0800057f   Thumb Code     2  init_alloc.o(.text)
    __Heap_Full                              0x08000581   Thumb Code    34  init_alloc.o(.text)
    __Heap_Broken                            0x080005a3   Thumb Code     6  init_alloc.o(.text)
    _init_alloc                              0x080005a9   Thumb Code    94  init_alloc.o(.text)
    __Heap_Initialize                        0x08000607   Thumb Code    10  h1_init.o(.text)
    __Heap_DescSize                          0x08000611   Thumb Code     4  h1_init.o(.text)
    __read_errno                             0x08000615   Thumb Code    10  _rserrno.o(.text)
    __set_errno                              0x0800061f   Thumb Code    12  _rserrno.o(.text)
    _printf_pre_padding                      0x0800062b   Thumb Code    44  _printf_pad.o(.text)
    _printf_post_padding                     0x08000657   Thumb Code    34  _printf_pad.o(.text)
    _printf_truncate_signed                  0x08000679   Thumb Code    18  _printf_truncate.o(.text)
    _printf_truncate_unsigned                0x0800068b   Thumb Code    18  _printf_truncate.o(.text)
    _printf_str                              0x0800069d   Thumb Code    82  _printf_str.o(.text)
    _printf_int_dec                          0x080006f1   Thumb Code   104  _printf_dec.o(.text)
    _printf_charcount                        0x08000769   Thumb Code    40  _printf_charcount.o(.text)
    _printf_char_common                      0x0800079b   Thumb Code    32  _printf_char_common.o(.text)
    _sputc                                   0x080007c1   Thumb Code    10  _sputc.o(.text)
    _printf_wctomb                           0x080007cd   Thumb Code   182  _printf_wctomb.o(.text)
    _printf_longlong_dec                     0x08000889   Thumb Code   108  _printf_longlong_dec.o(.text)
    _printf_longlong_oct                     0x08000905   Thumb Code    66  _printf_oct_int_ll.o(.text)
    _printf_int_oct                          0x08000947   Thumb Code    24  _printf_oct_int_ll.o(.text)
    _printf_ll_oct                           0x0800095f   Thumb Code    12  _printf_oct_int_ll.o(.text)
    _printf_longlong_hex                     0x08000975   Thumb Code    86  _printf_hex_int_ll_ptr.o(.text)
    _printf_int_hex                          0x080009cb   Thumb Code    28  _printf_hex_int_ll_ptr.o(.text)
    _printf_ll_hex                           0x080009e7   Thumb Code    12  _printf_hex_int_ll_ptr.o(.text)
    _printf_hex_ptr                          0x080009f3   Thumb Code    18  _printf_hex_int_ll_ptr.o(.text)
    __printf                                 0x08000a09   Thumb Code   388  __printf_flags_ss_wp.o(.text)
    __user_libspace                          0x08000b91   Thumb Code     8  libspace.o(.text)
    __user_perproc_libspace                  0x08000b91   Thumb Code     0  libspace.o(.text)
    __user_perthread_libspace                0x08000b91   Thumb Code     0  libspace.o(.text)
    __aeabi_errno_addr                       0x08000b99   Thumb Code     8  rt_errno_addr_intlibspace.o(.text)
    __errno$intlibspace                      0x08000b99   Thumb Code     0  rt_errno_addr_intlibspace.o(.text)
    __rt_errno_addr$intlibspace              0x08000b99   Thumb Code     0  rt_errno_addr_intlibspace.o(.text)
    __Heap_ProvideMemory                     0x08000ba1   Thumb Code    52  h1_extend.o(.text)
    _ll_udiv10                               0x08000bd5   Thumb Code   138  lludiv10.o(.text)
    _printf_int_common                       0x08000c5f   Thumb Code   178  _printf_intcommon.o(.text)
    __lib_sel_fp_printf                      0x08000d11   Thumb Code     2  _printf_fp_dec.o(.text)
    _printf_fp_dec_real                      0x08000ec3   Thumb Code   620  _printf_fp_dec.o(.text)
    _printf_fp_hex_real                      0x08001131   Thumb Code   756  _printf_fp_hex.o(.text)
    _printf_cs_common                        0x0800142d   Thumb Code    20  _printf_char.o(.text)
    _printf_char                             0x08001441   Thumb Code    16  _printf_char.o(.text)
    _printf_string                           0x08001451   Thumb Code     8  _printf_char.o(.text)
    _printf_lcs_common                       0x08001459   Thumb Code    20  _printf_wchar.o(.text)
    _printf_wchar                            0x0800146d   Thumb Code    16  _printf_wchar.o(.text)
    _printf_wstring                          0x0800147d   Thumb Code     8  _printf_wchar.o(.text)
    _wcrtomb                                 0x08001485   Thumb Code    64  _wcrtomb.o(.text)
    __rt_SIGRTMEM                            0x080014c5   Thumb Code    14  defsig_rtmem_outer.o(.text)
    __I$use$semihosting                      0x080014d3   Thumb Code     0  use_no_semi.o(.text)
    __use_no_semihosting_swi                 0x080014d3   Thumb Code     2  use_no_semi.o(.text)
    __semihosting_library_function           0x080014d5   Thumb Code     0  indicate_semi.o(.text)
    __user_setup_stackheap                   0x080014d5   Thumb Code    74  sys_stackheap_outer.o(.text)
    __rt_ctype_table                         0x08001521   Thumb Code    16  rt_ctype_table.o(.text)
    __rt_locale                              0x08001531   Thumb Code     8  rt_locale_intlibspace.o(.text)
    _printf_fp_infnan                        0x08001539   Thumb Code   112  _printf_fp_infnan.o(.text)
    _btod_etento                             0x080015b9   Thumb Code   224  bigflt0.o(.text)
    exit                                     0x0800169d   Thumb Code    18  exit.o(.text)
    __sig_exit                               0x080016af   Thumb Code    10  defsig_exit.o(.text)
    __rt_SIGRTMEM_inner                      0x080016b9   Thumb Code    22  defsig_rtmem_inner.o(.text)
    _sys_exit                                0x08001709   Thumb Code     8  sys_exit.o(.text)
    __default_signal_display                 0x08001715   Thumb Code    50  defsig_general.o(.text)
    strcmp                                   0x08001749   Thumb Code   128  strcmpv7m.o(.text)
    _ttywrch                                 0x080017c9   Thumb Code    14  sys_wrch.o(.text)
    _btod_d2e                                0x080017d7   Thumb Code    62  btod.o(CL$$btod_d2e)
    _d2e_denorm_low                          0x08001815   Thumb Code    70  btod.o(CL$$btod_d2e_denorm_low)
    _d2e_norm_op1                            0x0800185b   Thumb Code    96  btod.o(CL$$btod_d2e_norm_op1)
    __btod_div_common                        0x080018bb   Thumb Code   696  btod.o(CL$$btod_div_common)
    _e2e                                     0x08001bf3   Thumb Code   220  btod.o(CL$$btod_e2e)
    _btod_ediv                               0x08001ccf   Thumb Code    42  btod.o(CL$$btod_ediv)
    _btod_emul                               0x08001cf9   Thumb Code    42  btod.o(CL$$btod_emul)
    __btod_mult_common                       0x08001d23   Thumb Code   580  btod.o(CL$$btod_mult_common)
    BusFault_Handler                         0x08001f67   Thumb Code     2  stm32f4xx_it.o(i.BusFault_Handler)
    DMA1_Stream5_IRQHandler                  0x08001f69   Thumb Code     6  stm32f4xx_it.o(i.DMA1_Stream5_IRQHandler)
    DMA1_Stream6_IRQHandler                  0x08001f75   Thumb Code     6  stm32f4xx_it.o(i.DMA1_Stream6_IRQHandler)
    DebugMon_Handler                         0x08001ffd   Thumb Code     2  stm32f4xx_it.o(i.DebugMon_Handler)
    DecodeData                               0x08002001   Thumb Code   664  rmd_l_rs485.o(i.DecodeData)
    Error_Handler                            0x080022c5   Thumb Code    10  main.o(i.Error_Handler)
    HAL_DMA_Abort                            0x080022d9   Thumb Code   146  stm32f4xx_hal_dma.o(i.HAL_DMA_Abort)
    HAL_DMA_Abort_IT                         0x0800236b   Thumb Code    36  stm32f4xx_hal_dma.o(i.HAL_DMA_Abort_IT)
    HAL_DMA_IRQHandler                       0x08002391   Thumb Code   412  stm32f4xx_hal_dma.o(i.HAL_DMA_IRQHandler)
    HAL_DMA_Init                             0x08002531   Thumb Code   206  stm32f4xx_hal_dma.o(i.HAL_DMA_Init)
    HAL_Delay                                0x08002605   Thumb Code    32  stm32f4xx_hal.o(i.HAL_Delay)
    HAL_GPIO_Init                            0x08002629   Thumb Code   450  stm32f4xx_hal_gpio.o(i.HAL_GPIO_Init)
    HAL_GPIO_TogglePin                       0x08002819   Thumb Code    16  stm32f4xx_hal_gpio.o(i.HAL_GPIO_TogglePin)
    HAL_GPIO_WritePin                        0x08002829   Thumb Code    10  stm32f4xx_hal_gpio.o(i.HAL_GPIO_WritePin)
    HAL_GetTick                              0x08002835   Thumb Code     6  stm32f4xx_hal.o(i.HAL_GetTick)
    HAL_IncTick                              0x08002841   Thumb Code    12  stm32f4xx_hal.o(i.HAL_IncTick)
    HAL_Init                                 0x08002851   Thumb Code    48  stm32f4xx_hal.o(i.HAL_Init)
    HAL_InitTick                             0x08002885   Thumb Code    54  stm32f4xx_hal.o(i.HAL_InitTick)
    HAL_MspInit                              0x080028c5   Thumb Code    42  stm32f4xx_hal_msp.o(i.HAL_MspInit)
    HAL_NVIC_EnableIRQ                       0x080028f5   Thumb Code    26  stm32f4xx_hal_cortex.o(i.HAL_NVIC_EnableIRQ)
    HAL_NVIC_SetPriority                     0x08002911   Thumb Code    60  stm32f4xx_hal_cortex.o(i.HAL_NVIC_SetPriority)
    HAL_NVIC_SetPriorityGrouping             0x08002951   Thumb Code    26  stm32f4xx_hal_cortex.o(i.HAL_NVIC_SetPriorityGrouping)
    HAL_RCC_ClockConfig                      0x08002975   Thumb Code   288  stm32f4xx_hal_rcc.o(i.HAL_RCC_ClockConfig)
    HAL_RCC_GetPCLK1Freq                     0x08002aa9   Thumb Code    20  stm32f4xx_hal_rcc.o(i.HAL_RCC_GetPCLK1Freq)
    HAL_RCC_GetPCLK2Freq                     0x08002ac9   Thumb Code    20  stm32f4xx_hal_rcc.o(i.HAL_RCC_GetPCLK2Freq)
    HAL_RCC_GetSysClockFreq                  0x08002ae9   Thumb Code    88  stm32f4xx_hal_rcc.o(i.HAL_RCC_GetSysClockFreq)
    HAL_RCC_OscConfig                        0x08002b49   Thumb Code   856  stm32f4xx_hal_rcc.o(i.HAL_RCC_OscConfig)
    HAL_SYSTICK_Config                       0x08002eb5   Thumb Code    40  stm32f4xx_hal_cortex.o(i.HAL_SYSTICK_Config)
    HAL_TIMEx_MasterConfigSynchronization    0x08002edd   Thumb Code   116  stm32f4xx_hal_tim_ex.o(i.HAL_TIMEx_MasterConfigSynchronization)
    HAL_TIM_Base_Init                        0x08002f6d   Thumb Code    90  stm32f4xx_hal_tim.o(i.HAL_TIM_Base_Init)
    HAL_TIM_Base_MspInit                     0x08002fc9   Thumb Code    30  stm32f4xx_hal_msp.o(i.HAL_TIM_Base_MspInit)
    HAL_TIM_Base_Start                       0x08002ff1   Thumb Code    90  stm32f4xx_hal_tim.o(i.HAL_TIM_Base_Start)
    HAL_TIM_ConfigClockSource                0x08003069   Thumb Code   220  stm32f4xx_hal_tim.o(i.HAL_TIM_ConfigClockSource)
    HAL_UARTEx_RxEventCallback               0x08003145   Thumb Code     2  stm32f4xx_hal_uart.o(i.HAL_UARTEx_RxEventCallback)
    HAL_UART_ErrorCallback                   0x08003147   Thumb Code     2  stm32f4xx_hal_uart.o(i.HAL_UART_ErrorCallback)
    HAL_UART_IRQHandler                      0x08003149   Thumb Code   610  stm32f4xx_hal_uart.o(i.HAL_UART_IRQHandler)
    HAL_UART_Init                            0x080033b1   Thumb Code    98  stm32f4xx_hal_uart.o(i.HAL_UART_Init)
    HAL_UART_MspInit                         0x08003415   Thumb Code   278  stm32f4xx_hal_msp.o(i.HAL_UART_MspInit)
    HAL_UART_Receive                         0x0800354d   Thumb Code   192  stm32f4xx_hal_uart.o(i.HAL_UART_Receive)
    HAL_UART_Receive_IT                      0x0800360d   Thumb Code    42  stm32f4xx_hal_uart.o(i.HAL_UART_Receive_IT)
    HAL_UART_RxCpltCallback                  0x08003639   Thumb Code    26  main.o(i.HAL_UART_RxCpltCallback)
    HAL_UART_Transmit                        0x08003669   Thumb Code   178  stm32f4xx_hal_uart.o(i.HAL_UART_Transmit)
    HAL_UART_TxCpltCallback                  0x0800371b   Thumb Code     2  stm32f4xx_hal_uart.o(i.HAL_UART_TxCpltCallback)
    HardFault_Handler                        0x0800371d   Thumb Code     2  stm32f4xx_it.o(i.HardFault_Handler)
    MemManage_Handler                        0x08003819   Thumb Code     2  stm32f4xx_it.o(i.MemManage_Handler)
    NMI_Handler                              0x0800381b   Thumb Code     2  stm32f4xx_it.o(i.NMI_Handler)
    PendSV_Handler                           0x0800381d   Thumb Code     2  stm32f4xx_it.o(i.PendSV_Handler)
    RS_ABSangleControl                       0x0800381f   Thumb Code    62  rmd_l_rs485.o(i.RS_ABSangleControl)
    RS_CloseBLDC                             0x0800385d   Thumb Code    18  rmd_l_rs485.o(i.RS_CloseBLDC)
    RS_GET_MotorType                         0x0800386f   Thumb Code    30  rmd_l_rs485.o(i.RS_GET_MotorType)
    RS_Init_Handle                           0x0800388d   Thumb Code    20  rmd_l_rs485.o(i.RS_Init_Handle)
    RS_ReadState3                            0x080038a5   Thumb Code    30  rmd_l_rs485.o(i.RS_ReadState3)
    RS_Read_MultiAngle                       0x080038c3   Thumb Code    30  rmd_l_rs485.o(i.RS_Read_MultiAngle)
    RS_SET_485ID                             0x080038e1   Thumb Code    40  rmd_l_rs485.o(i.RS_SET_485ID)
    RS_SET_BaudRate                          0x08003909   Thumb Code    22  rmd_l_rs485.o(i.RS_SET_BaudRate)
    RS_SetZero_CurPosition                   0x0800391f   Thumb Code    28  rmd_l_rs485.o(i.RS_SetZero_CurPosition)
    RS_SystemReset                           0x0800393b   Thumb Code    18  rmd_l_rs485.o(i.RS_SystemReset)
    RS_Write_PID_RAM                         0x0800394d   Thumb Code    52  rmd_l_rs485.o(i.RS_Write_PID_RAM)
    RS_speedControl                          0x08003981   Thumb Code    52  rmd_l_rs485.o(i.RS_speedControl)
    ReceiveData                              0x080039b5   Thumb Code   112  rmd_l_rs485.o(i.ReceiveData)
    ReceiveMultiData                         0x08003a4d   Thumb Code   118  rmd_l_rs485.o(i.ReceiveMultiData)
    SVC_Handler                              0x08003ad1   Thumb Code     2  stm32f4xx_it.o(i.SVC_Handler)
    SysTick_Handler                          0x08003ad3   Thumb Code     4  stm32f4xx_it.o(i.SysTick_Handler)
    SystemClock_Config                       0x08003ad9   Thumb Code   132  main.o(i.SystemClock_Config)
    SystemInit                               0x08003b65   Thumb Code    12  system_stm32f4xx.o(i.SystemInit)
    TIM_Base_SetConfig                       0x08003b75   Thumb Code   156  stm32f4xx_hal_tim.o(i.TIM_Base_SetConfig)
    TIM_ETR_SetConfig                        0x08003c3d   Thumb Code    20  stm32f4xx_hal_tim.o(i.TIM_ETR_SetConfig)
    UART_Start_Receive_IT                    0x08003ed1   Thumb Code    58  stm32f4xx_hal_uart.o(i.UART_Start_Receive_IT)
    USART2_IRQHandler                        0x08003f85   Thumb Code     6  stm32f4xx_it.o(i.USART2_IRQHandler)
    USART3_IRQHandler                        0x08003f91   Thumb Code     6  stm32f4xx_it.o(i.USART3_IRQHandler)
    UsageFault_Handler                       0x08003f9d   Thumb Code     2  stm32f4xx_it.o(i.UsageFault_Handler)
    __ARM_fpclassify                         0x08003f9f   Thumb Code    48  fpclassify.o(i.__ARM_fpclassify)
    __hardfp_sin                             0x08003ff1   Thumb Code   180  sin.o(i.__hardfp_sin)
    __ieee754_rem_pio2                       0x080040b9   Thumb Code   938  rred.o(i.__ieee754_rem_pio2)
    __kernel_cos                             0x080044f1   Thumb Code   322  cos_i.o(i.__kernel_cos)
    __kernel_poly                            0x08004661   Thumb Code   248  poly.o(i.__kernel_poly)
    __kernel_sin                             0x08004759   Thumb Code   280  sin_i.o(i.__kernel_sin)
    __mathlib_dbl_infnan                     0x08004889   Thumb Code    20  dunder.o(i.__mathlib_dbl_infnan)
    __mathlib_dbl_invalid                    0x080048a1   Thumb Code    24  dunder.o(i.__mathlib_dbl_invalid)
    __mathlib_dbl_underflow                  0x080048c1   Thumb Code    24  dunder.o(i.__mathlib_dbl_underflow)
    _is_digit                                0x080048e1   Thumb Code    14  __printf_wp.o(i._is_digit)
    crc16table                               0x080048f1   Thumb Code    40  rmd_l_rs485.o(i.crc16table)
    delay_us                                 0x0800491d   Thumb Code    20  rmd_l_rs485.o(i.delay_us)
    fabs                                     0x08004935   Thumb Code    24  fabs.o(i.fabs)
    main                                     0x0800494d   Thumb Code   696  main.o(i.main)
    printData                                0x08004c89   Thumb Code    50  main.o(i.printData)
    sendCMD                                  0x08004cc1   Thumb Code   106  rmd_l_rs485.o(i.sendCMD)
    _get_lc_numeric                          0x08004d31   Thumb Code    44  lc_numeric_c.o(locale$$code)
    _get_lc_ctype                            0x08004d5d   Thumb Code    44  lc_ctype_c.o(locale$$code)
    __aeabi_dneg                             0x08004d89   Thumb Code     0  basic.o(x$fpl$basic)
    _dneg                                    0x08004d89   Thumb Code     6  basic.o(x$fpl$basic)
    __aeabi_fneg                             0x08004d8f   Thumb Code     0  basic.o(x$fpl$basic)
    _fneg                                    0x08004d8f   Thumb Code     6  basic.o(x$fpl$basic)
    _dabs                                    0x08004d95   Thumb Code     6  basic.o(x$fpl$basic)
    _fabs                                    0x08004d9b   Thumb Code     6  basic.o(x$fpl$basic)
    __aeabi_d2f                              0x08004da1   Thumb Code     0  d2f.o(x$fpl$d2f)
    _d2f                                     0x08004da1   Thumb Code    98  d2f.o(x$fpl$d2f)
    __aeabi_dadd                             0x08004e05   Thumb Code     0  daddsub_clz.o(x$fpl$dadd)
    _dadd                                    0x08004e05   Thumb Code   332  daddsub_clz.o(x$fpl$dadd)
    __aeabi_ddiv                             0x08004f55   Thumb Code     0  ddiv.o(x$fpl$ddiv)
    _ddiv                                    0x08004f55   Thumb Code   552  ddiv.o(x$fpl$ddiv)
    __aeabi_d2iz                             0x08005205   Thumb Code     0  dfix.o(x$fpl$dfix)
    _dfix                                    0x08005205   Thumb Code    94  dfix.o(x$fpl$dfix)
    __aeabi_i2d                              0x08005263   Thumb Code     0  dflt_clz.o(x$fpl$dflt)
    _dflt                                    0x08005263   Thumb Code    46  dflt_clz.o(x$fpl$dflt)
    __aeabi_ui2d                             0x08005291   Thumb Code     0  dflt_clz.o(x$fpl$dfltu)
    _dfltu                                   0x08005291   Thumb Code    38  dflt_clz.o(x$fpl$dfltu)
    __aeabi_dmul                             0x080052b9   Thumb Code     0  dmul.o(x$fpl$dmul)
    _dmul                                    0x080052b9   Thumb Code   332  dmul.o(x$fpl$dmul)
    __fpl_dnaninf                            0x0800540d   Thumb Code   156  dnaninf.o(x$fpl$dnaninf)
    __fpl_dretinf                            0x080054a9   Thumb Code    12  dretinf.o(x$fpl$dretinf)
    __aeabi_drsub                            0x080054b5   Thumb Code     0  daddsub_clz.o(x$fpl$drsb)
    _drsb                                    0x080054b5   Thumb Code    22  daddsub_clz.o(x$fpl$drsb)
    __aeabi_dsub                             0x080054cd   Thumb Code     0  daddsub_clz.o(x$fpl$dsub)
    _dsub                                    0x080054cd   Thumb Code   464  daddsub_clz.o(x$fpl$dsub)
    __aeabi_f2d                              0x080056a1   Thumb Code     0  f2d.o(x$fpl$f2d)
    _f2d                                     0x080056a1   Thumb Code    86  f2d.o(x$fpl$f2d)
    __fpl_fnaninf                            0x080056f7   Thumb Code   140  fnaninf.o(x$fpl$fnaninf)
    _fp_init                                 0x08005783   Thumb Code    10  fpinit.o(x$fpl$fpinit)
    __fplib_config_fpu_vfp                   0x0800578b   Thumb Code     0  fpinit.o(x$fpl$fpinit)
    __fplib_config_pureend_doubles           0x0800578b   Thumb Code     0  fpinit.o(x$fpl$fpinit)
    __fpl_fretinf                            0x0800578d   Thumb Code    10  fretinf.o(x$fpl$fretinf)
    _printf_fp_dec                           0x08005797   Thumb Code     4  printf1.o(x$fpl$printf1)
    _printf_fp_hex                           0x0800579b   Thumb Code     4  printf2.o(x$fpl$printf2)
    __I$use$fp                               0x0800579e   Number         0  usenofp.o(x$fpl$usenofp)
    crctableH                                0x0800579e   Data         256  rmd_l_rs485.o(.constdata)
    crctableL                                0x0800589e   Data         256  rmd_l_rs485.o(.constdata)
    AHBPrescTable                            0x080059a6   Data          16  system_stm32f4xx.o(.constdata)
    APBPrescTable                            0x080059b6   Data           8  system_stm32f4xx.o(.constdata)
    Region$$Table$$Base                      0x08005be4   Number         0  anon$$obj.o(Region$$Table)
    Region$$Table$$Limit                     0x08005c04   Number         0  anon$$obj.o(Region$$Table)
    __ctype                                  0x08005c2d   Data           0  lc_ctype_c.o(locale$$data)
    RS485_delay_time_us                      0x20000000   Data           2  rmd_l_rs485.o(.data)
    RS_EN_GPIO_PIN                           0x20000002   Data           2  rmd_l_rs485.o(.data)
    RS_huart                                 0x20000004   Data           4  rmd_l_rs485.o(.data)
    RS_EN_GPIO                               0x20000008   Data           4  rmd_l_rs485.o(.data)
    RS_timer                                 0x2000000c   Data           4  rmd_l_rs485.o(.data)
    CMD                                      0x20000010   Data           1  main.o(.data)
    Amp                                      0x20000014   Data           4  main.o(.data)
    F                                        0x20000018   Data           4  main.o(.data)
    Motor                                    0x2000001c   Data         160  main.o(.data)
    uwTickFreq                               0x200000bc   Data           1  stm32f4xx_hal.o(.data)
    uwTickPrio                               0x200000c0   Data           4  stm32f4xx_hal.o(.data)
    uwTick                                   0x200000c4   Data           4  stm32f4xx_hal.o(.data)
    SystemCoreClock                          0x200000c8   Data           4  system_stm32f4xx.o(.data)
    htim8                                    0x200000cc   Data          72  main.o(.bss)
    huart2                                   0x20000114   Data          68  main.o(.bss)
    huart3                                   0x20000158   Data          68  main.o(.bss)
    hdma_usart2_rx                           0x2000019c   Data          96  main.o(.bss)
    hdma_usart2_tx                           0x200001fc   Data          96  main.o(.bss)
    __libspace_start                         0x2000025c   Data          96  libspace.o(.bss)
    __temporary_stack_top$libspace           0x200002bc   Data           0  libspace.o(.bss)



==============================================================================

Memory Map of the image

  Image Entry point : 0x08000189

  Load Region LR_IROM1 (Base: 0x08000000, Size: 0x00005dfc, Max: 0x00100000, ABSOLUTE)

    Execution Region ER_IROM1 (Exec base: 0x08000000, Load base: 0x08000000, Size: 0x00005d30, Max: 0x00100000, ABSOLUTE)

    Exec Addr    Load Addr    Size         Type   Attr      Idx    E Section Name        Object

    0x08000000   0x08000000   0x00000188   Data   RO            3    RESET               startup_stm32f407xx.o
    0x08000188   0x08000188   0x00000008   Code   RO         3191  * !!!main             c_w.l(__main.o)
    0x08000190   0x08000190   0x00000034   Code   RO         3665    !!!scatter          c_w.l(__scatter.o)
    0x080001c4   0x080001c4   0x0000001a   Code   RO         3667    !!handler_copy      c_w.l(__scatter_copy.o)
    0x080001de   0x080001de   0x00000002   PAD
    0x080001e0   0x080001e0   0x0000001c   Code   RO         3669    !!handler_zi        c_w.l(__scatter_zi.o)
    0x080001fc   0x080001fc   0x00000000   Code   RO         3348    .ARM.Collect$$_printf_percent$$00000000  c_w.l(_printf_percent.o)
    0x080001fc   0x080001fc   0x00000006   Code   RO         3337    .ARM.Collect$$_printf_percent$$00000001  c_w.l(_printf_n.o)
    0x08000202   0x08000202   0x00000006   Code   RO         3339    .ARM.Collect$$_printf_percent$$00000002  c_w.l(_printf_p.o)
    0x08000208   0x08000208   0x00000006   Code   RO         3344    .ARM.Collect$$_printf_percent$$00000003  c_w.l(_printf_f.o)
    0x0800020e   0x0800020e   0x00000006   Code   RO         3345    .ARM.Collect$$_printf_percent$$00000004  c_w.l(_printf_e.o)
    0x08000214   0x08000214   0x00000006   Code   RO         3346    .ARM.Collect$$_printf_percent$$00000005  c_w.l(_printf_g.o)
    0x0800021a   0x0800021a   0x00000006   Code   RO         3347    .ARM.Collect$$_printf_percent$$00000006  c_w.l(_printf_a.o)
    0x08000220   0x08000220   0x0000000a   Code   RO         3352    .ARM.Collect$$_printf_percent$$00000007  c_w.l(_printf_ll.o)
    0x0800022a   0x0800022a   0x00000006   Code   RO         3341    .ARM.Collect$$_printf_percent$$00000008  c_w.l(_printf_i.o)
    0x08000230   0x08000230   0x00000006   Code   RO         3342    .ARM.Collect$$_printf_percent$$00000009  c_w.l(_printf_d.o)
    0x08000236   0x08000236   0x00000006   Code   RO         3343    .ARM.Collect$$_printf_percent$$0000000A  c_w.l(_printf_u.o)
    0x0800023c   0x0800023c   0x00000006   Code   RO         3340    .ARM.Collect$$_printf_percent$$0000000B  c_w.l(_printf_o.o)
    0x08000242   0x08000242   0x00000006   Code   RO         3338    .ARM.Collect$$_printf_percent$$0000000C  c_w.l(_printf_x.o)
    0x08000248   0x08000248   0x00000006   Code   RO         3349    .ARM.Collect$$_printf_percent$$0000000D  c_w.l(_printf_lli.o)
    0x0800024e   0x0800024e   0x00000006   Code   RO         3350    .ARM.Collect$$_printf_percent$$0000000E  c_w.l(_printf_lld.o)
    0x08000254   0x08000254   0x00000006   Code   RO         3351    .ARM.Collect$$_printf_percent$$0000000F  c_w.l(_printf_llu.o)
    0x0800025a   0x0800025a   0x00000006   Code   RO         3356    .ARM.Collect$$_printf_percent$$00000010  c_w.l(_printf_llo.o)
    0x08000260   0x08000260   0x00000006   Code   RO         3357    .ARM.Collect$$_printf_percent$$00000011  c_w.l(_printf_llx.o)
    0x08000266   0x08000266   0x0000000a   Code   RO         3353    .ARM.Collect$$_printf_percent$$00000012  c_w.l(_printf_l.o)
    0x08000270   0x08000270   0x00000006   Code   RO         3335    .ARM.Collect$$_printf_percent$$00000013  c_w.l(_printf_c.o)
    0x08000276   0x08000276   0x00000006   Code   RO         3336    .ARM.Collect$$_printf_percent$$00000014  c_w.l(_printf_s.o)
    0x0800027c   0x0800027c   0x00000006   Code   RO         3354    .ARM.Collect$$_printf_percent$$00000015  c_w.l(_printf_lc.o)
    0x08000282   0x08000282   0x00000006   Code   RO         3355    .ARM.Collect$$_printf_percent$$00000016  c_w.l(_printf_ls.o)
    0x08000288   0x08000288   0x00000004   Code   RO         3506    .ARM.Collect$$_printf_percent$$00000017  c_w.l(_printf_percent_end.o)
    0x0800028c   0x0800028c   0x00000002   Code   RO         3597    .ARM.Collect$$libinit$$00000000  c_w.l(libinit.o)
    0x0800028e   0x0800028e   0x00000004   Code   RO         3362    .ARM.Collect$$libinit$$00000001  c_w.l(libinit2.o)
    0x08000292   0x08000292   0x00000000   Code   RO         3365    .ARM.Collect$$libinit$$00000004  c_w.l(libinit2.o)
    0x08000292   0x08000292   0x00000008   Code   RO         3366    .ARM.Collect$$libinit$$00000005  c_w.l(libinit2.o)
    0x0800029a   0x0800029a   0x00000000   Code   RO         3368    .ARM.Collect$$libinit$$0000000A  c_w.l(libinit2.o)
    0x0800029a   0x0800029a   0x00000000   Code   RO         3370    .ARM.Collect$$libinit$$0000000C  c_w.l(libinit2.o)
    0x0800029a   0x0800029a   0x00000000   Code   RO         3372    .ARM.Collect$$libinit$$0000000E  c_w.l(libinit2.o)
    0x0800029a   0x0800029a   0x00000006   Code   RO         3373    .ARM.Collect$$libinit$$0000000F  c_w.l(libinit2.o)
    0x080002a0   0x080002a0   0x00000000   Code   RO         3375    .ARM.Collect$$libinit$$00000011  c_w.l(libinit2.o)
    0x080002a0   0x080002a0   0x0000000c   Code   RO         3376    .ARM.Collect$$libinit$$00000012  c_w.l(libinit2.o)
    0x080002ac   0x080002ac   0x00000000   Code   RO         3377    .ARM.Collect$$libinit$$00000013  c_w.l(libinit2.o)
    0x080002ac   0x080002ac   0x00000000   Code   RO         3379    .ARM.Collect$$libinit$$00000015  c_w.l(libinit2.o)
    0x080002ac   0x080002ac   0x0000000a   Code   RO         3380    .ARM.Collect$$libinit$$00000016  c_w.l(libinit2.o)
    0x080002b6   0x080002b6   0x00000000   Code   RO         3381    .ARM.Collect$$libinit$$00000017  c_w.l(libinit2.o)
    0x080002b6   0x080002b6   0x00000000   Code   RO         3383    .ARM.Collect$$libinit$$00000019  c_w.l(libinit2.o)
    0x080002b6   0x080002b6   0x00000000   Code   RO         3385    .ARM.Collect$$libinit$$0000001B  c_w.l(libinit2.o)
    0x080002b6   0x080002b6   0x00000000   Code   RO         3387    .ARM.Collect$$libinit$$0000001D  c_w.l(libinit2.o)
    0x080002b6   0x080002b6   0x00000000   Code   RO         3389    .ARM.Collect$$libinit$$0000001F  c_w.l(libinit2.o)
    0x080002b6   0x080002b6   0x00000000   Code   RO         3391    .ARM.Collect$$libinit$$00000021  c_w.l(libinit2.o)
    0x080002b6   0x080002b6   0x00000000   Code   RO         3393    .ARM.Collect$$libinit$$00000023  c_w.l(libinit2.o)
    0x080002b6   0x080002b6   0x00000000   Code   RO         3395    .ARM.Collect$$libinit$$00000025  c_w.l(libinit2.o)
    0x080002b6   0x080002b6   0x00000000   Code   RO         3399    .ARM.Collect$$libinit$$0000002C  c_w.l(libinit2.o)
    0x080002b6   0x080002b6   0x00000000   Code   RO         3401    .ARM.Collect$$libinit$$0000002E  c_w.l(libinit2.o)
    0x080002b6   0x080002b6   0x00000000   Code   RO         3403    .ARM.Collect$$libinit$$00000030  c_w.l(libinit2.o)
    0x080002b6   0x080002b6   0x00000000   Code   RO         3405    .ARM.Collect$$libinit$$00000032  c_w.l(libinit2.o)
    0x080002b6   0x080002b6   0x00000002   Code   RO         3406    .ARM.Collect$$libinit$$00000033  c_w.l(libinit2.o)
    0x080002b8   0x080002b8   0x00000002   Code   RO         3662    .ARM.Collect$$libshutdown$$00000000  c_w.l(libshutdown.o)
    0x080002ba   0x080002ba   0x00000000   Code   RO         3620    .ARM.Collect$$libshutdown$$00000002  c_w.l(libshutdown2.o)
    0x080002ba   0x080002ba   0x00000000   Code   RO         3622    .ARM.Collect$$libshutdown$$00000004  c_w.l(libshutdown2.o)
    0x080002ba   0x080002ba   0x00000000   Code   RO         3625    .ARM.Collect$$libshutdown$$00000007  c_w.l(libshutdown2.o)
    0x080002ba   0x080002ba   0x00000000   Code   RO         3628    .ARM.Collect$$libshutdown$$0000000A  c_w.l(libshutdown2.o)
    0x080002ba   0x080002ba   0x00000000   Code   RO         3630    .ARM.Collect$$libshutdown$$0000000C  c_w.l(libshutdown2.o)
    0x080002ba   0x080002ba   0x00000000   Code   RO         3633    .ARM.Collect$$libshutdown$$0000000F  c_w.l(libshutdown2.o)
    0x080002ba   0x080002ba   0x00000002   Code   RO         3634    .ARM.Collect$$libshutdown$$00000010  c_w.l(libshutdown2.o)
    0x080002bc   0x080002bc   0x00000000   Code   RO         3235    .ARM.Collect$$rtentry$$00000000  c_w.l(__rtentry.o)
    0x080002bc   0x080002bc   0x00000000   Code   RO         3462    .ARM.Collect$$rtentry$$00000002  c_w.l(__rtentry2.o)
    0x080002bc   0x080002bc   0x00000006   Code   RO         3474    .ARM.Collect$$rtentry$$00000004  c_w.l(__rtentry4.o)
    0x080002c2   0x080002c2   0x00000000   Code   RO         3464    .ARM.Collect$$rtentry$$00000009  c_w.l(__rtentry2.o)
    0x080002c2   0x080002c2   0x00000004   Code   RO         3465    .ARM.Collect$$rtentry$$0000000A  c_w.l(__rtentry2.o)
    0x080002c6   0x080002c6   0x00000000   Code   RO         3467    .ARM.Collect$$rtentry$$0000000C  c_w.l(__rtentry2.o)
    0x080002c6   0x080002c6   0x00000008   Code   RO         3468    .ARM.Collect$$rtentry$$0000000D  c_w.l(__rtentry2.o)
    0x080002ce   0x080002ce   0x00000002   Code   RO         3602    .ARM.Collect$$rtexit$$00000000  c_w.l(rtexit.o)
    0x080002d0   0x080002d0   0x00000000   Code   RO         3638    .ARM.Collect$$rtexit$$00000002  c_w.l(rtexit2.o)
    0x080002d0   0x080002d0   0x00000004   Code   RO         3639    .ARM.Collect$$rtexit$$00000003  c_w.l(rtexit2.o)
    0x080002d4   0x080002d4   0x00000006   Code   RO         3640    .ARM.Collect$$rtexit$$00000004  c_w.l(rtexit2.o)
    0x080002da   0x080002da   0x00000002   PAD
    0x080002dc   0x080002dc   0x00000000   Code   RO         3485    .emb_text           c_w.l(maybetermalloc1.o)
    0x080002dc   0x080002dc   0x00000040   Code   RO            4    .text               startup_stm32f407xx.o
    0x0800031c   0x0800031c   0x0000005e   Code   RO         3123    .text               c_w.l(h1_alloc.o)
    0x0800037a   0x0800037a   0x0000004e   Code   RO         3125    .text               c_w.l(h1_free.o)
    0x080003c8   0x080003c8   0x000000ee   Code   RO         3181    .text               c_w.l(lludivv7m.o)
    0x080004b6   0x080004b6   0x00000002   PAD
    0x080004b8   0x080004b8   0x00000024   Code   RO         3183    .text               c_w.l(vsprintf.o)
    0x080004dc   0x080004dc   0x0000003e   Code   RO         3185    .text               c_w.l(strlen.o)
    0x0800051a   0x0800051a   0x0000004e   Code   RO         3187    .text               c_w.l(rt_memclr_w.o)
    0x08000568   0x08000568   0x00000006   Code   RO         3189    .text               c_w.l(heapauxi.o)
    0x0800056e   0x0800056e   0x00000002   PAD
    0x08000570   0x08000570   0x00000008   Code   RO         3243    .text               c_w.l(rt_heap_descriptor_intlibspace.o)
    0x08000578   0x08000578   0x00000004   Code   RO         3245    .text               c_w.l(hguard.o)
    0x0800057c   0x0800057c   0x0000008a   Code   RO         3247    .text               c_w.l(init_alloc.o)
    0x08000606   0x08000606   0x0000000e   Code   RO         3251    .text               c_w.l(h1_init.o)
    0x08000614   0x08000614   0x00000016   Code   RO         3265    .text               c_w.l(_rserrno.o)
    0x0800062a   0x0800062a   0x0000004e   Code   RO         3269    .text               c_w.l(_printf_pad.o)
    0x08000678   0x08000678   0x00000024   Code   RO         3271    .text               c_w.l(_printf_truncate.o)
    0x0800069c   0x0800069c   0x00000052   Code   RO         3273    .text               c_w.l(_printf_str.o)
    0x080006ee   0x080006ee   0x00000002   PAD
    0x080006f0   0x080006f0   0x00000078   Code   RO         3275    .text               c_w.l(_printf_dec.o)
    0x08000768   0x08000768   0x00000028   Code   RO         3277    .text               c_w.l(_printf_charcount.o)
    0x08000790   0x08000790   0x00000030   Code   RO         3279    .text               c_w.l(_printf_char_common.o)
    0x080007c0   0x080007c0   0x0000000a   Code   RO         3281    .text               c_w.l(_sputc.o)
    0x080007ca   0x080007ca   0x00000002   PAD
    0x080007cc   0x080007cc   0x000000bc   Code   RO         3283    .text               c_w.l(_printf_wctomb.o)
    0x08000888   0x08000888   0x0000007c   Code   RO         3286    .text               c_w.l(_printf_longlong_dec.o)
    0x08000904   0x08000904   0x00000070   Code   RO         3292    .text               c_w.l(_printf_oct_int_ll.o)
    0x08000974   0x08000974   0x00000094   Code   RO         3312    .text               c_w.l(_printf_hex_int_ll_ptr.o)
    0x08000a08   0x08000a08   0x00000188   Code   RO         3332    .text               c_w.l(__printf_flags_ss_wp.o)
    0x08000b90   0x08000b90   0x00000008   Code   RO         3458    .text               c_w.l(libspace.o)
    0x08000b98   0x08000b98   0x00000008   Code   RO         3481    .text               c_w.l(rt_errno_addr_intlibspace.o)
    0x08000ba0   0x08000ba0   0x00000034   Code   RO         3487    .text               c_w.l(h1_extend.o)
    0x08000bd4   0x08000bd4   0x0000008a   Code   RO         3491    .text               c_w.l(lludiv10.o)
    0x08000c5e   0x08000c5e   0x000000b2   Code   RO         3493    .text               c_w.l(_printf_intcommon.o)
    0x08000d10   0x08000d10   0x0000041e   Code   RO         3495    .text               c_w.l(_printf_fp_dec.o)
    0x0800112e   0x0800112e   0x00000002   PAD
    0x08001130   0x08001130   0x000002fc   Code   RO         3497    .text               c_w.l(_printf_fp_hex.o)
    0x0800142c   0x0800142c   0x0000002c   Code   RO         3502    .text               c_w.l(_printf_char.o)
    0x08001458   0x08001458   0x0000002c   Code   RO         3504    .text               c_w.l(_printf_wchar.o)
    0x08001484   0x08001484   0x00000040   Code   RO         3507    .text               c_w.l(_wcrtomb.o)
    0x080014c4   0x080014c4   0x0000000e   Code   RO         3509    .text               c_w.l(defsig_rtmem_outer.o)
    0x080014d2   0x080014d2   0x00000002   Code   RO         3532    .text               c_w.l(use_no_semi.o)
    0x080014d4   0x080014d4   0x00000000   Code   RO         3534    .text               c_w.l(indicate_semi.o)
    0x080014d4   0x080014d4   0x0000004a   Code   RO         3535    .text               c_w.l(sys_stackheap_outer.o)
    0x0800151e   0x0800151e   0x00000002   PAD
    0x08001520   0x08001520   0x00000010   Code   RO         3537    .text               c_w.l(rt_ctype_table.o)
    0x08001530   0x08001530   0x00000008   Code   RO         3544    .text               c_w.l(rt_locale_intlibspace.o)
    0x08001538   0x08001538   0x00000080   Code   RO         3548    .text               c_w.l(_printf_fp_infnan.o)
    0x080015b8   0x080015b8   0x000000e4   Code   RO         3550    .text               c_w.l(bigflt0.o)
    0x0800169c   0x0800169c   0x00000012   Code   RO         3578    .text               c_w.l(exit.o)
    0x080016ae   0x080016ae   0x0000000a   Code   RO         3580    .text               c_w.l(defsig_exit.o)
    0x080016b8   0x080016b8   0x00000050   Code   RO         3586    .text               c_w.l(defsig_rtmem_inner.o)
    0x08001708   0x08001708   0x0000000c   Code   RO         3600    .text               c_w.l(sys_exit.o)
    0x08001714   0x08001714   0x00000032   Code   RO         3613    .text               c_w.l(defsig_general.o)
    0x08001746   0x08001746   0x00000002   PAD
    0x08001748   0x08001748   0x00000080   Code   RO         3617    .text               c_w.l(strcmpv7m.o)
    0x080017c8   0x080017c8   0x0000000e   Code   RO         3635    .text               c_w.l(sys_wrch.o)
    0x080017d6   0x080017d6   0x0000003e   Code   RO         3553    CL$$btod_d2e        c_w.l(btod.o)
    0x08001814   0x08001814   0x00000046   Code   RO         3555    CL$$btod_d2e_denorm_low  c_w.l(btod.o)
    0x0800185a   0x0800185a   0x00000060   Code   RO         3554    CL$$btod_d2e_norm_op1  c_w.l(btod.o)
    0x080018ba   0x080018ba   0x00000338   Code   RO         3563    CL$$btod_div_common  c_w.l(btod.o)
    0x08001bf2   0x08001bf2   0x000000dc   Code   RO         3560    CL$$btod_e2e        c_w.l(btod.o)
    0x08001cce   0x08001cce   0x0000002a   Code   RO         3557    CL$$btod_ediv       c_w.l(btod.o)
    0x08001cf8   0x08001cf8   0x0000002a   Code   RO         3556    CL$$btod_emul       c_w.l(btod.o)
    0x08001d22   0x08001d22   0x00000244   Code   RO         3562    CL$$btod_mult_common  c_w.l(btod.o)
    0x08001f66   0x08001f66   0x00000002   Code   RO          471    i.BusFault_Handler  stm32f4xx_it.o
    0x08001f68   0x08001f68   0x0000000c   Code   RO          472    i.DMA1_Stream5_IRQHandler  stm32f4xx_it.o
    0x08001f74   0x08001f74   0x0000000c   Code   RO          473    i.DMA1_Stream6_IRQHandler  stm32f4xx_it.o
    0x08001f80   0x08001f80   0x00000028   Code   RO         2052    i.DMA_CalcBaseAndBitshift  stm32f4xx_hal_dma.o
    0x08001fa8   0x08001fa8   0x00000054   Code   RO         2053    i.DMA_CheckFifoParam  stm32f4xx_hal_dma.o
    0x08001ffc   0x08001ffc   0x00000002   Code   RO          474    i.DebugMon_Handler  stm32f4xx_it.o
    0x08001ffe   0x08001ffe   0x00000002   PAD
    0x08002000   0x08002000   0x000002c4   Code   RO           13    i.DecodeData        rmd_l_rs485.o
    0x080022c4   0x080022c4   0x00000014   Code   RO          391    i.Error_Handler     main.o
    0x080022d8   0x080022d8   0x00000092   Code   RO         2055    i.HAL_DMA_Abort     stm32f4xx_hal_dma.o
    0x0800236a   0x0800236a   0x00000024   Code   RO         2056    i.HAL_DMA_Abort_IT  stm32f4xx_hal_dma.o
    0x0800238e   0x0800238e   0x00000002   PAD
    0x08002390   0x08002390   0x000001a0   Code   RO         2060    i.HAL_DMA_IRQHandler  stm32f4xx_hal_dma.o
    0x08002530   0x08002530   0x000000d4   Code   RO         2061    i.HAL_DMA_Init      stm32f4xx_hal_dma.o
    0x08002604   0x08002604   0x00000024   Code   RO         2474    i.HAL_Delay         stm32f4xx_hal.o
    0x08002628   0x08002628   0x000001f0   Code   RO         1948    i.HAL_GPIO_Init     stm32f4xx_hal_gpio.o
    0x08002818   0x08002818   0x00000010   Code   RO         1951    i.HAL_GPIO_TogglePin  stm32f4xx_hal_gpio.o
    0x08002828   0x08002828   0x0000000a   Code   RO         1952    i.HAL_GPIO_WritePin  stm32f4xx_hal_gpio.o
    0x08002832   0x08002832   0x00000002   PAD
    0x08002834   0x08002834   0x0000000c   Code   RO         2480    i.HAL_GetTick       stm32f4xx_hal.o
    0x08002840   0x08002840   0x00000010   Code   RO         2486    i.HAL_IncTick       stm32f4xx_hal.o
    0x08002850   0x08002850   0x00000034   Code   RO         2487    i.HAL_Init          stm32f4xx_hal.o
    0x08002884   0x08002884   0x00000040   Code   RO         2488    i.HAL_InitTick      stm32f4xx_hal.o
    0x080028c4   0x080028c4   0x00000030   Code   RO          571    i.HAL_MspInit       stm32f4xx_hal_msp.o
    0x080028f4   0x080028f4   0x0000001a   Code   RO         2337    i.HAL_NVIC_EnableIRQ  stm32f4xx_hal_cortex.o
    0x0800290e   0x0800290e   0x00000002   PAD
    0x08002910   0x08002910   0x00000040   Code   RO         2343    i.HAL_NVIC_SetPriority  stm32f4xx_hal_cortex.o
    0x08002950   0x08002950   0x00000024   Code   RO         2344    i.HAL_NVIC_SetPriorityGrouping  stm32f4xx_hal_cortex.o
    0x08002974   0x08002974   0x00000134   Code   RO         1594    i.HAL_RCC_ClockConfig  stm32f4xx_hal_rcc.o
    0x08002aa8   0x08002aa8   0x00000020   Code   RO         1601    i.HAL_RCC_GetPCLK1Freq  stm32f4xx_hal_rcc.o
    0x08002ac8   0x08002ac8   0x00000020   Code   RO         1602    i.HAL_RCC_GetPCLK2Freq  stm32f4xx_hal_rcc.o
    0x08002ae8   0x08002ae8   0x00000060   Code   RO         1603    i.HAL_RCC_GetSysClockFreq  stm32f4xx_hal_rcc.o
    0x08002b48   0x08002b48   0x0000036c   Code   RO         1606    i.HAL_RCC_OscConfig  stm32f4xx_hal_rcc.o
    0x08002eb4   0x08002eb4   0x00000028   Code   RO         2348    i.HAL_SYSTICK_Config  stm32f4xx_hal_cortex.o
    0x08002edc   0x08002edc   0x00000090   Code   RO         1345    i.HAL_TIMEx_MasterConfigSynchronization  stm32f4xx_hal_tim_ex.o
    0x08002f6c   0x08002f6c   0x0000005a   Code   RO          622    i.HAL_TIM_Base_Init  stm32f4xx_hal_tim.o
    0x08002fc6   0x08002fc6   0x00000002   PAD
    0x08002fc8   0x08002fc8   0x00000028   Code   RO          573    i.HAL_TIM_Base_MspInit  stm32f4xx_hal_msp.o
    0x08002ff0   0x08002ff0   0x00000078   Code   RO          625    i.HAL_TIM_Base_Start  stm32f4xx_hal_tim.o
    0x08003068   0x08003068   0x000000dc   Code   RO          631    i.HAL_TIM_ConfigClockSource  stm32f4xx_hal_tim.o
    0x08003144   0x08003144   0x00000002   Code   RO         2736    i.HAL_UARTEx_RxEventCallback  stm32f4xx_hal_uart.o
    0x08003146   0x08003146   0x00000002   Code   RO         2750    i.HAL_UART_ErrorCallback  stm32f4xx_hal_uart.o
    0x08003148   0x08003148   0x00000268   Code   RO         2753    i.HAL_UART_IRQHandler  stm32f4xx_hal_uart.o
    0x080033b0   0x080033b0   0x00000062   Code   RO         2754    i.HAL_UART_Init     stm32f4xx_hal_uart.o
    0x08003412   0x08003412   0x00000002   PAD
    0x08003414   0x08003414   0x00000138   Code   RO          575    i.HAL_UART_MspInit  stm32f4xx_hal_msp.o
    0x0800354c   0x0800354c   0x000000c0   Code   RO         2757    i.HAL_UART_Receive  stm32f4xx_hal_uart.o
    0x0800360c   0x0800360c   0x0000002a   Code   RO         2759    i.HAL_UART_Receive_IT  stm32f4xx_hal_uart.o
    0x08003636   0x08003636   0x00000002   PAD
    0x08003638   0x08003638   0x00000030   Code   RO          392    i.HAL_UART_RxCpltCallback  main.o
    0x08003668   0x08003668   0x000000b2   Code   RO         2762    i.HAL_UART_Transmit  stm32f4xx_hal_uart.o
    0x0800371a   0x0800371a   0x00000002   Code   RO         2765    i.HAL_UART_TxCpltCallback  stm32f4xx_hal_uart.o
    0x0800371c   0x0800371c   0x00000002   Code   RO          475    i.HardFault_Handler  stm32f4xx_it.o
    0x0800371e   0x0800371e   0x00000002   PAD
    0x08003720   0x08003720   0x00000098   Code   RO          393    i.MX_GPIO_Init      main.o
    0x080037b8   0x080037b8   0x00000060   Code   RO          394    i.MX_TIM8_Init      main.o
    0x08003818   0x08003818   0x00000002   Code   RO          476    i.MemManage_Handler  stm32f4xx_it.o
    0x0800381a   0x0800381a   0x00000002   Code   RO          477    i.NMI_Handler       stm32f4xx_it.o
    0x0800381c   0x0800381c   0x00000002   Code   RO          478    i.PendSV_Handler    stm32f4xx_it.o
    0x0800381e   0x0800381e   0x0000003e   Code   RO           14    i.RS_ABSangleControl  rmd_l_rs485.o
    0x0800385c   0x0800385c   0x00000012   Code   RO           18    i.RS_CloseBLDC      rmd_l_rs485.o
    0x0800386e   0x0800386e   0x0000001e   Code   RO           21    i.RS_GET_MotorType  rmd_l_rs485.o
    0x0800388c   0x0800388c   0x00000018   Code   RO           25    i.RS_Init_Handle    rmd_l_rs485.o
    0x080038a4   0x080038a4   0x0000001e   Code   RO           29    i.RS_ReadState3     rmd_l_rs485.o
    0x080038c2   0x080038c2   0x0000001e   Code   RO           31    i.RS_Read_MultiAngle  rmd_l_rs485.o
    0x080038e0   0x080038e0   0x00000028   Code   RO           38    i.RS_SET_485ID      rmd_l_rs485.o
    0x08003908   0x08003908   0x00000016   Code   RO           39    i.RS_SET_BaudRate   rmd_l_rs485.o
    0x0800391e   0x0800391e   0x0000001c   Code   RO           41    i.RS_SetZero_CurPosition  rmd_l_rs485.o
    0x0800393a   0x0800393a   0x00000012   Code   RO           45    i.RS_SystemReset    rmd_l_rs485.o
    0x0800394c   0x0800394c   0x00000034   Code   RO           48    i.RS_Write_PID_RAM  rmd_l_rs485.o
    0x08003980   0x08003980   0x00000034   Code   RO           50    i.RS_speedControl   rmd_l_rs485.o
    0x080039b4   0x080039b4   0x00000098   Code   RO           51    i.ReceiveData       rmd_l_rs485.o
    0x08003a4c   0x08003a4c   0x00000084   Code   RO           52    i.ReceiveMultiData  rmd_l_rs485.o
    0x08003ad0   0x08003ad0   0x00000002   Code   RO          479    i.SVC_Handler       stm32f4xx_it.o
    0x08003ad2   0x08003ad2   0x00000004   Code   RO          480    i.SysTick_Handler   stm32f4xx_it.o
    0x08003ad6   0x08003ad6   0x00000002   PAD
    0x08003ad8   0x08003ad8   0x0000008c   Code   RO          395    i.SystemClock_Config  main.o
    0x08003b64   0x08003b64   0x00000010   Code   RO         3083    i.SystemInit        system_stm32f4xx.o
    0x08003b74   0x08003b74   0x000000c8   Code   RO          715    i.TIM_Base_SetConfig  stm32f4xx_hal_tim.o
    0x08003c3c   0x08003c3c   0x00000014   Code   RO          726    i.TIM_ETR_SetConfig  stm32f4xx_hal_tim.o
    0x08003c50   0x08003c50   0x00000010   Code   RO          727    i.TIM_ITRx_SetConfig  stm32f4xx_hal_tim.o
    0x08003c60   0x08003c60   0x00000022   Code   RO          733    i.TIM_TI1_ConfigInputStage  stm32f4xx_hal_tim.o
    0x08003c82   0x08003c82   0x00000024   Code   RO          735    i.TIM_TI2_ConfigInputStage  stm32f4xx_hal_tim.o
    0x08003ca6   0x08003ca6   0x00000010   Code   RO         2767    i.UART_DMAAbortOnError  stm32f4xx_hal_uart.o
    0x08003cb6   0x08003cb6   0x0000004e   Code   RO         2777    i.UART_EndRxTransfer  stm32f4xx_hal_uart.o
    0x08003d04   0x08003d04   0x000000c0   Code   RO         2779    i.UART_Receive_IT   stm32f4xx_hal_uart.o
    0x08003dc4   0x08003dc4   0x0000010c   Code   RO         2780    i.UART_SetConfig    stm32f4xx_hal_uart.o
    0x08003ed0   0x08003ed0   0x0000003a   Code   RO         2782    i.UART_Start_Receive_IT  stm32f4xx_hal_uart.o
    0x08003f0a   0x08003f0a   0x00000078   Code   RO         2783    i.UART_WaitOnFlagUntilTimeout  stm32f4xx_hal_uart.o
    0x08003f82   0x08003f82   0x00000002   PAD
    0x08003f84   0x08003f84   0x0000000c   Code   RO          481    i.USART2_IRQHandler  stm32f4xx_it.o
    0x08003f90   0x08003f90   0x0000000c   Code   RO          482    i.USART3_IRQHandler  stm32f4xx_it.o
    0x08003f9c   0x08003f9c   0x00000002   Code   RO          483    i.UsageFault_Handler  stm32f4xx_it.o
    0x08003f9e   0x08003f9e   0x00000030   Code   RO         3528    i.__ARM_fpclassify  m_wm.l(fpclassify.o)
    0x08003fce   0x08003fce   0x00000020   Code   RO         2350    i.__NVIC_SetPriority  stm32f4xx_hal_cortex.o
    0x08003fee   0x08003fee   0x00000002   PAD
    0x08003ff0   0x08003ff0   0x000000c8   Code   RO         3221    i.__hardfp_sin      m_wm.l(sin.o)
    0x080040b8   0x080040b8   0x00000438   Code   RO         3445    i.__ieee754_rem_pio2  m_wm.l(rred.o)
    0x080044f0   0x080044f0   0x00000170   Code   RO         3428    i.__kernel_cos      m_wm.l(cos_i.o)
    0x08004660   0x08004660   0x000000f8   Code   RO         3530    i.__kernel_poly     m_wm.l(poly.o)
    0x08004758   0x08004758   0x00000130   Code   RO         3450    i.__kernel_sin      m_wm.l(sin_i.o)
    0x08004888   0x08004888   0x00000014   Code   RO         3432    i.__mathlib_dbl_infnan  m_wm.l(dunder.o)
    0x0800489c   0x0800489c   0x00000004   PAD
    0x080048a0   0x080048a0   0x00000020   Code   RO         3434    i.__mathlib_dbl_invalid  m_wm.l(dunder.o)
    0x080048c0   0x080048c0   0x00000020   Code   RO         3437    i.__mathlib_dbl_underflow  m_wm.l(dunder.o)
    0x080048e0   0x080048e0   0x0000000e   Code   RO         3325    i._is_digit         c_w.l(__printf_wp.o)
    0x080048ee   0x080048ee   0x00000002   PAD
    0x080048f0   0x080048f0   0x0000002c   Code   RO           53    i.crc16table        rmd_l_rs485.o
    0x0800491c   0x0800491c   0x00000018   Code   RO           54    i.delay_us          rmd_l_rs485.o
    0x08004934   0x08004934   0x00000018   Code   RO         3524    i.fabs              m_wm.l(fabs.o)
    0x0800494c   0x0800494c   0x0000033c   Code   RO          396    i.main              main.o
    0x08004c88   0x08004c88   0x00000038   Code   RO          397    i.printData         main.o
    0x08004cc0   0x08004cc0   0x00000070   Code   RO           55    i.sendCMD           rmd_l_rs485.o
    0x08004d30   0x08004d30   0x0000002c   Code   RO         3576    locale$$code        c_w.l(lc_numeric_c.o)
    0x08004d5c   0x08004d5c   0x0000002c   Code   RO         3609    locale$$code        c_w.l(lc_ctype_c.o)
    0x08004d88   0x08004d88   0x00000018   Code   RO         3407    x$fpl$basic         fz_wm.l(basic.o)
    0x08004da0   0x08004da0   0x00000062   Code   RO         3193    x$fpl$d2f           fz_wm.l(d2f.o)
    0x08004e02   0x08004e02   0x00000002   PAD
    0x08004e04   0x08004e04   0x00000150   Code   RO         3195    x$fpl$dadd          fz_wm.l(daddsub_clz.o)
    0x08004f54   0x08004f54   0x000002b0   Code   RO         3202    x$fpl$ddiv          fz_wm.l(ddiv.o)
    0x08005204   0x08005204   0x0000005e   Code   RO         3205    x$fpl$dfix          fz_wm.l(dfix.o)
    0x08005262   0x08005262   0x0000002e   Code   RO         3210    x$fpl$dflt          fz_wm.l(dflt_clz.o)
    0x08005290   0x08005290   0x00000026   Code   RO         3209    x$fpl$dfltu         fz_wm.l(dflt_clz.o)
    0x080052b6   0x080052b6   0x00000002   PAD
    0x080052b8   0x080052b8   0x00000154   Code   RO         3215    x$fpl$dmul          fz_wm.l(dmul.o)
    0x0800540c   0x0800540c   0x0000009c   Code   RO         3411    x$fpl$dnaninf       fz_wm.l(dnaninf.o)
    0x080054a8   0x080054a8   0x0000000c   Code   RO         3413    x$fpl$dretinf       fz_wm.l(dretinf.o)
    0x080054b4   0x080054b4   0x00000016   Code   RO         3196    x$fpl$drsb          fz_wm.l(daddsub_clz.o)
    0x080054ca   0x080054ca   0x00000002   PAD
    0x080054cc   0x080054cc   0x000001d4   Code   RO         3197    x$fpl$dsub          fz_wm.l(daddsub_clz.o)
    0x080056a0   0x080056a0   0x00000056   Code   RO         3219    x$fpl$f2d           fz_wm.l(f2d.o)
    0x080056f6   0x080056f6   0x0000008c   Code   RO         3415    x$fpl$fnaninf       fz_wm.l(fnaninf.o)
    0x08005782   0x08005782   0x0000000a   Code   RO         3520    x$fpl$fpinit        fz_wm.l(fpinit.o)
    0x0800578c   0x0800578c   0x0000000a   Code   RO         3417    x$fpl$fretinf       fz_wm.l(fretinf.o)
    0x08005796   0x08005796   0x00000004   Code   RO         3419    x$fpl$printf1       fz_wm.l(printf1.o)
    0x0800579a   0x0800579a   0x00000004   Code   RO         3421    x$fpl$printf2       fz_wm.l(printf2.o)
    0x0800579e   0x0800579e   0x00000000   Code   RO         3427    x$fpl$usenofp       fz_wm.l(usenofp.o)
    0x0800579e   0x0800579e   0x00000200   Data   RO           56    .constdata          rmd_l_rs485.o
    0x0800599e   0x0800599e   0x00000008   Data   RO         2067    .constdata          stm32f4xx_hal_dma.o
    0x080059a6   0x080059a6   0x00000010   Data   RO         3084    .constdata          system_stm32f4xx.o
    0x080059b6   0x080059b6   0x00000008   Data   RO         3085    .constdata          system_stm32f4xx.o
    0x080059be   0x080059be   0x00000002   PAD
    0x080059c0   0x080059c0   0x00000008   Data   RO         3284    .constdata          c_w.l(_printf_wctomb.o)
    0x080059c8   0x080059c8   0x00000028   Data   RO         3313    .constdata          c_w.l(_printf_hex_int_ll_ptr.o)
    0x080059f0   0x080059f0   0x00000011   Data   RO         3333    .constdata          c_w.l(__printf_flags_ss_wp.o)
    0x08005a01   0x08005a01   0x00000007   PAD
    0x08005a08   0x08005a08   0x00000030   Data   RO         3429    .constdata          m_wm.l(cos_i.o)
    0x08005a38   0x08005a38   0x000000c8   Data   RO         3447    .constdata          m_wm.l(rred.o)
    0x08005b00   0x08005b00   0x00000028   Data   RO         3451    .constdata          m_wm.l(sin_i.o)
    0x08005b28   0x08005b28   0x00000026   Data   RO         3498    .constdata          c_w.l(_printf_fp_hex.o)
    0x08005b4e   0x08005b4e   0x00000002   PAD
    0x08005b50   0x08005b50   0x00000094   Data   RO         3551    .constdata          c_w.l(bigflt0.o)
    0x08005be4   0x08005be4   0x00000020   Data   RO         3663    Region$$Table       anon$$obj.o
    0x08005c04   0x08005c04   0x0000001c   Data   RO         3575    locale$$data        c_w.l(lc_numeric_c.o)
    0x08005c20   0x08005c20   0x00000110   Data   RO         3608    locale$$data        c_w.l(lc_ctype_c.o)


    Execution Region RW_IRAM1 (Exec base: 0x20000000, Load base: 0x08005d30, Size: 0x000008c0, Max: 0x0001c000, ABSOLUTE)

    Exec Addr    Load Addr    Size         Type   Attr      Idx    E Section Name        Object

    0x20000000   0x08005d30   0x00000010   Data   RW           57    .data               rmd_l_rs485.o
    0x20000010   0x08005d40   0x000000ac   Data   RW          401    .data               main.o
    0x200000bc   0x08005dec   0x0000000c   Data   RW         2494    .data               stm32f4xx_hal.o
    0x200000c8   0x08005df8   0x00000004   Data   RW         3086    .data               system_stm32f4xx.o
    0x200000cc        -       0x000000d0   Zero   RW          398    .bss                main.o
    0x2000019c        -       0x00000060   Zero   RW          399    .bss                main.o
    0x200001fc        -       0x00000060   Zero   RW          400    .bss                main.o
    0x2000025c        -       0x00000060   Zero   RW         3459    .bss                c_w.l(libspace.o)
    0x200002bc   0x08005dfc   0x00000004   PAD
    0x200002c0        -       0x00000200   Zero   RW            2    HEAP                startup_stm32f407xx.o
    0x200004c0        -       0x00000400   Zero   RW            1    STACK               startup_stm32f407xx.o


    Execution Region RW_IRAM2 (Exec base: 0x2001c000, Load base: 0x08005dfc, Size: 0x00000000, Max: 0x00004000, ABSOLUTE)

    **** No section assigned to this execution region ****


==============================================================================

Image component sizes


      Code (inc. data)   RO Data    RW Data    ZI Data      Debug   Object Name

      1340        206          0        172        400       6144   main.o
      1578        116        512         16          0     704831   rmd_l_rs485.o
        64         26        392          0       1536        840   startup_stm32f407xx.o
       180         28          0         12          0       9389   stm32f4xx_hal.o
       198         14          0          0          0      33927   stm32f4xx_hal_cortex.o
       934         16          8          0          0       5595   stm32f4xx_hal_dma.o
       522         46          0          0          0       2821   stm32f4xx_hal_gpio.o
       400         50          0          0          0       2484   stm32f4xx_hal_msp.o
      1344         72          0          0          0       5216   stm32f4xx_hal_rcc.o
       736         74          0          0          0       6940   stm32f4xx_hal_tim.o
       144         28          0          0          0       1336   stm32f4xx_hal_tim_ex.o
      1864         16          0          0          0      12583   stm32f4xx_hal_uart.o
        68         24          0          0          0       6026   stm32f4xx_it.o
        16          4         24          4          0       1115   system_stm32f4xx.o

    ----------------------------------------------------------------------
      9410        720        970        204       1936     799247   Object Totals
         0          0         32          0          0          0   (incl. Generated)
        22          0          2          0          0          0   (incl. Padding)

    ----------------------------------------------------------------------

      Code (inc. data)   RO Data    RW Data    ZI Data      Debug   Library Member Name

         8          0          0          0          0         68   __main.o
       392          4         17          0          0         92   __printf_flags_ss_wp.o
        14          0          0          0          0         68   __printf_wp.o
         0          0          0          0          0          0   __rtentry.o
        12          0          0          0          0          0   __rtentry2.o
         6          0          0          0          0          0   __rtentry4.o
        52          8          0          0          0          0   __scatter.o
        26          0          0          0          0          0   __scatter_copy.o
        28          0          0          0          0          0   __scatter_zi.o
         6          0          0          0          0          0   _printf_a.o
         6          0          0          0          0          0   _printf_c.o
        44          0          0          0          0        108   _printf_char.o
        48          6          0          0          0         96   _printf_char_common.o
        40          0          0          0          0         68   _printf_charcount.o
         6          0          0          0          0          0   _printf_d.o
       120         16          0          0          0         92   _printf_dec.o
         6          0          0          0          0          0   _printf_e.o
         6          0          0          0          0          0   _printf_f.o
      1054          0          0          0          0        216   _printf_fp_dec.o
       764          8         38          0          0        100   _printf_fp_hex.o
       128         16          0          0          0         84   _printf_fp_infnan.o
         6          0          0          0          0          0   _printf_g.o
       148          4         40          0          0        160   _printf_hex_int_ll_ptr.o
         6          0          0          0          0          0   _printf_i.o
       178          0          0          0          0         88   _printf_intcommon.o
        10          0          0          0          0          0   _printf_l.o
         6          0          0          0          0          0   _printf_lc.o
        10          0          0          0          0          0   _printf_ll.o
         6          0          0          0          0          0   _printf_lld.o
         6          0          0          0          0          0   _printf_lli.o
         6          0          0          0          0          0   _printf_llo.o
         6          0          0          0          0          0   _printf_llu.o
         6          0          0          0          0          0   _printf_llx.o
       124         16          0          0          0         92   _printf_longlong_dec.o
         6          0          0          0          0          0   _printf_ls.o
         6          0          0          0          0          0   _printf_n.o
         6          0          0          0          0          0   _printf_o.o
       112         10          0          0          0        124   _printf_oct_int_ll.o
         6          0          0          0          0          0   _printf_p.o
        78          0          0          0          0        108   _printf_pad.o
         0          0          0          0          0          0   _printf_percent.o
         4          0          0          0          0          0   _printf_percent_end.o
         6          0          0          0          0          0   _printf_s.o
        82          0          0          0          0         80   _printf_str.o
        36          0          0          0          0         84   _printf_truncate.o
         6          0          0          0          0          0   _printf_u.o
        44          0          0          0          0        108   _printf_wchar.o
       188          6          8          0          0         92   _printf_wctomb.o
         6          0          0          0          0          0   _printf_x.o
        22          0          0          0          0        100   _rserrno.o
        10          0          0          0          0         68   _sputc.o
        64          0          0          0          0         92   _wcrtomb.o
       228          4        148          0          0         96   bigflt0.o
      1936        128          0          0          0        672   btod.o
        10          0          0          0          0         68   defsig_exit.o
        50          0          0          0          0         88   defsig_general.o
        80         58          0          0          0         76   defsig_rtmem_inner.o
        14          0          0          0          0         80   defsig_rtmem_outer.o
        18          0          0          0          0         80   exit.o
        94          0          0          0          0         80   h1_alloc.o
        52          0          0          0          0         68   h1_extend.o
        78          0          0          0          0         80   h1_free.o
        14          0          0          0          0         84   h1_init.o
         6          0          0          0          0        152   heapauxi.o
         4          0          0          0          0        136   hguard.o
         0          0          0          0          0          0   indicate_semi.o
       138          0          0          0          0        168   init_alloc.o
        44         10        272          0          0         76   lc_ctype_c.o
        44         10         28          0          0         76   lc_numeric_c.o
         2          0          0          0          0          0   libinit.o
        42          0          0          0          0          0   libinit2.o
         2          0          0          0          0          0   libshutdown.o
         2          0          0          0          0          0   libshutdown2.o
         8          4          0          0         96         68   libspace.o
       138          0          0          0          0         80   lludiv10.o
       238          0          0          0          0        100   lludivv7m.o
         0          0          0          0          0          0   maybetermalloc1.o
        16          4          0          0          0         76   rt_ctype_table.o
         8          4          0          0          0         68   rt_errno_addr_intlibspace.o
         8          4          0          0          0         68   rt_heap_descriptor_intlibspace.o
         8          4          0          0          0         68   rt_locale_intlibspace.o
        78          0          0          0          0         80   rt_memclr_w.o
         2          0          0          0          0          0   rtexit.o
        10          0          0          0          0          0   rtexit2.o
       128          0          0          0          0         68   strcmpv7m.o
        62          0          0          0          0         76   strlen.o
        12          4          0          0          0         68   sys_exit.o
        74          0          0          0          0         80   sys_stackheap_outer.o
        14          0          0          0          0         76   sys_wrch.o
         2          0          0          0          0         68   use_no_semi.o
        36          4          0          0          0         76   vsprintf.o
        24          0          0          0          0        164   basic.o
        98          4          0          0          0        140   d2f.o
       826         16          0          0          0        492   daddsub_clz.o
       688        140          0          0          0        256   ddiv.o
        94          4          0          0          0        140   dfix.o
        84          0          0          0          0        232   dflt_clz.o
       340         12          0          0          0        152   dmul.o
       156          4          0          0          0        140   dnaninf.o
        12          0          0          0          0        116   dretinf.o
        86          4          0          0          0        132   f2d.o
       140          4          0          0          0        132   fnaninf.o
        10          0          0          0          0        116   fpinit.o
        10          0          0          0          0        116   fretinf.o
         4          0          0          0          0        116   printf1.o
         4          0          0          0          0        116   printf2.o
         0          0          0          0          0          0   usenofp.o
       368         46         48          0          0        200   cos_i.o
        84         16          0          0          0        372   dunder.o
        24          0          0          0          0        124   fabs.o
        48          0          0          0          0        124   fpclassify.o
       248          0          0          0          0        152   poly.o
      1080        142        200          0          0        188   rred.o
       200         20          0          0          0        164   sin.o
       304         24         40          0          0        208   sin_i.o

    ----------------------------------------------------------------------
     12628        768        848          0        100       9480   Library Totals
        30          0          9          0          4          0   (incl. Padding)

    ----------------------------------------------------------------------

      Code (inc. data)   RO Data    RW Data    ZI Data      Debug   Library Name

      7666        332        551          0         96       5388   c_w.l
      2576        188          0          0          0       2560   fz_wm.l
      2356        248        288          0          0       1532   m_wm.l

    ----------------------------------------------------------------------
     12628        768        848          0        100       9480   Library Totals

    ----------------------------------------------------------------------

==============================================================================


      Code (inc. data)   RO Data    RW Data    ZI Data      Debug   

     22038       1488       1818        204       2036     794811   Grand Totals
     22038       1488       1818        204       2036     794811   ELF Image Totals
     22038       1488       1818        204          0          0   ROM Totals

==============================================================================

    Total RO  Size (Code + RO Data)                23856 (  23.30kB)
    Total RW  Size (RW Data + ZI Data)              2240 (   2.19kB)
    Total ROM Size (Code + RO Data + RW Data)      24060 (  23.50kB)

==============================================================================

